#
# There is insufficient memory for the Java Runtime Environment to continue.
# Native memory allocation (malloc) failed to allocate 459464 bytes. Error detail: Chunk::new
# Possible reasons:
#   The system is out of physical RAM or swap space
#   This process is running with CompressedOops enabled, and the Java Heap may be blocking the growth of the native heap
# Possible solutions:
#   Reduce memory load on the system
#   Increase physical memory or swap space
#   Check if swap backing store is full
#   Decrease Java heap size (-Xmx/-Xms)
#   Decrease number of Java threads
#   Decrease Java thread stack sizes (-Xss)
#   Set larger code cache with -XX:ReservedCodeCacheSize=
#   JVM is running with Unscaled Compressed Oops mode in which the Java heap is
#     placed in the first 4GB address space. The Java Heap base address is the
#     maximum limit for the native heap growth. Please use -XX:HeapBaseMinAddress
#     to set the Java Heap base and to place the Java Heap above 4GB virtual address.
# This output file may be truncated or incomplete.
#
#  Out of Memory Error (arena.cpp:162), pid=17076, tid=4972
#
# JRE version: Java(TM) SE Runtime Environment (24.0.1+9) (build 24.0.1+9-30)
# Java VM: Java HotSpot(TM) 64-Bit Server VM (24.0.1+9-30, mixed mode, sharing, tiered, compressed oops, compressed class ptrs, g1 gc, windows-amd64)
# No core dump will be written. Minidumps are not enabled by default on client versions of Windows
#

---------------  S U M M A R Y ------------

Command Line: --add-opens=java.base/java.lang=ALL-UNNAMED --add-opens=java.base/java.lang.invoke=ALL-UNNAMED --add-opens=java.base/java.util=ALL-UNNAMED --add-opens=java.prefs/java.util.prefs=ALL-UNNAMED --add-exports=jdk.compiler/com.sun.tools.javac.api=ALL-UNNAMED --add-exports=jdk.compiler/com.sun.tools.javac.util=ALL-UNNAMED --add-opens=java.base/java.nio.charset=ALL-UNNAMED --add-opens=java.base/java.net=ALL-UNNAMED --add-opens=java.base/java.util.concurrent=ALL-UNNAMED --add-opens=java.base/java.util.concurrent.atomic=ALL-UNNAMED --add-opens=java.xml/javax.xml.namespace=ALL-UNNAMED --add-opens=java.base/java.time=ALL-UNNAMED --enable-native-access=ALL-UNNAMED -Xmx2G -Dfile.encoding=UTF-8 -Duser.country=CN -Duser.language=zh -Duser.variant -javaagent:C:\Users\DELL\.gradle\wrapper\dists\gradle-9.6.1-bin\e7oowege92hgijfgcczuxmn2p\gradle-9.6.1\lib\agents\gradle-instrumentation-agent-9.6.1.jar org.gradle.launcher.daemon.bootstrap.GradleDaemon 9.6.1

Host: Intel(R) Core(TM) i5-8250U CPU @ 1.60GHz, 8 cores, 7G,  Windows 11 , 64 bit Build 22621 (10.0.22621.5415)
Time: Fri Aug 14 17:19:30 2026  Windows 11 , 64 bit Build 22621 (10.0.22621.5415) elapsed time: 35.482674 seconds (0d 0h 0m 35s)

---------------  T H R E A D  ---------------

Current thread (0x00000000209d01d0):  JavaThread "C2 CompilerThread2" daemon [_thread_in_native, id=4972, stack(0x00000000731b0000,0x00000000732b0000) (1024K)]


Current CompileTask:
C2:35482 10037       4       com.google.common.collect.Interners$InternerImpl::intern (54 bytes)

Stack: [0x00000000731b0000,0x00000000732b0000]
Native frames: (J=compiled Java code, j=interpreted, Vv=VM code, C=native code)
V  [jvm.dll+0x730739]  (no source info available)
V  [jvm.dll+0x8d9b23]  (no source info available)
V  [jvm.dll+0x8dc00d]  (no source info available)
V  [jvm.dll+0x8dc683]  (no source info available)
V  [jvm.dll+0x2aa086]  (no source info available)
V  [jvm.dll+0xcedef]  (no source info available)
V  [jvm.dll+0xcf04f]  (no source info available)
V  [jvm.dll+0x3f373c]  (no source info available)
V  [jvm.dll+0x3c0100]  (no source info available)
V  [jvm.dll+0x3bf58a]  (no source info available)
V  [jvm.dll+0x26f777]  (no source info available)
V  [jvm.dll+0x26ea3f]  (no source info available)
V  [jvm.dll+0x1e9d60]  (no source info available)
V  [jvm.dll+0x27e1fb]  (no source info available)
V  [jvm.dll+0x27c49a]  (no source info available)
V  [jvm.dll+0x42f456]  (no source info available)
V  [jvm.dll+0x87d76b]  (no source info available)
V  [jvm.dll+0x72ee55]  (no source info available)
C  [ucrtbase.dll+0x29333]  (no source info available)
C  [KERNEL32.DLL+0x1259d]  (no source info available)
C  [ntdll.dll+0x5af78]  (no source info available)

Lock stack of current Java thread (top to bottom):


---------------  P R O C E S S  ---------------

Threads class SMR info:
_java_thread_list=0x000000006eab1230, length=71, elements={
0x0000000003015650, 0x000000001d902470, 0x000000001d904320, 0x000000001d9071f0,
0x000000001d908260, 0x000000001d909140, 0x000000001d909c70, 0x000000001d90fd20,
0x000000001d91ef30, 0x00000000208f7ab0, 0x000000002099d2d0, 0x0000000068ac0360,
0x0000000068a417e0, 0x0000000068be6290, 0x0000000068be53f0, 0x0000000068be5b40,
0x0000000068be4ca0, 0x00000000208831c0, 0x00000000208847b0, 0x0000000020884f00,
0x0000000020885650, 0x00000000208864f0, 0x0000000020883910, 0x0000000020885da0,
0x000000002087f740, 0x0000000020880d30, 0x0000000020881480, 0x0000000020886c40,
0x000000002087fe90, 0x0000000020884060, 0x0000000020882a70, 0x00000000208805e0,
0x0000000020881bd0, 0x0000000020882320, 0x0000000068b45d30, 0x0000000068b47320,
0x0000000068b497b0, 0x0000000068b4a650, 0x0000000068b4b4f0, 0x0000000068b4ada0,
0x0000000068b49f00, 0x0000000068b47a70, 0x0000000068b4bc40, 0x0000000068b4c390,
0x0000000068b46480, 0x0000000068b46bd0, 0x0000000068b481c0, 0x0000000068b48910,
0x000000006a8820f0, 0x000000006a885b70, 0x000000006a884cd0, 0x000000006a8836e0,
0x000000006a882f90, 0x000000006a8819a0, 0x000000006a886a10, 0x000000006a882840,
0x000000006a887160, 0x000000006a8878b0, 0x000000006a880b00, 0x000000006a881250,
0x000000006a883e30, 0x000000006a884580, 0x000000006a885420, 0x000000006d54cbb0,
0x000000006d54d300, 0x000000006d54da50, 0x000000006d54e8f0, 0x000000006d54f040,
0x000000006d54e1a0, 0x00000000208cde80, 0x00000000209d01d0
}

Java Threads: ( => current thread )
  0x0000000003015650 JavaThread "main"                              [_thread_blocked, id=12348, stack(0x0000000000df0000,0x0000000000ef0000) (1024K)]
  0x000000001d902470 JavaThread "Reference Handler"          daemon [_thread_blocked, id=24724, stack(0x0000000020cb0000,0x0000000020db0000) (1024K)]
  0x000000001d904320 JavaThread "Finalizer"                  daemon [_thread_blocked, id=8700, stack(0x0000000020db0000,0x0000000020eb0000) (1024K)]
  0x000000001d9071f0 JavaThread "Signal Dispatcher"          daemon [_thread_blocked, id=17260, stack(0x0000000020eb0000,0x0000000020fb0000) (1024K)]
  0x000000001d908260 JavaThread "Attach Listener"            daemon [_thread_blocked, id=13052, stack(0x0000000066000000,0x0000000066100000) (1024K)]
  0x000000001d909140 JavaThread "Service Thread"             daemon [_thread_blocked, id=5324, stack(0x0000000066100000,0x0000000066200000) (1024K)]
  0x000000001d909c70 JavaThread "Monitor Deflation Thread"   daemon [_thread_blocked, id=23368, stack(0x0000000066200000,0x0000000066300000) (1024K)]
  0x000000001d90fd20 JavaThread "C2 CompilerThread0"         daemon [_thread_in_native, id=23336, stack(0x0000000066300000,0x0000000066400000) (1024K)]
  0x000000001d91ef30 JavaThread "C1 CompilerThread0"         daemon [_thread_blocked, id=26324, stack(0x0000000066400000,0x0000000066500000) (1024K)]
  0x00000000208f7ab0 JavaThread "Common-Cleaner"             daemon [_thread_blocked, id=14976, stack(0x0000000066700000,0x0000000066800000) (1024K)]
  0x000000002099d2d0 JavaThread "Notification Thread"        daemon [_thread_blocked, id=25548, stack(0x0000000066800000,0x0000000066900000) (1024K)]
  0x0000000068ac0360 JavaThread "Daemon health stats"               [_thread_blocked, id=296, stack(0x00000000692a0000,0x00000000693a0000) (1024K)]
  0x0000000068a417e0 JavaThread "Incoming local TCP Connector on port 58910"        [_thread_in_native, id=17368, stack(0x00000000693a0000,0x00000000694a0000) (1024K)]
  0x0000000068be6290 JavaThread "Daemon periodic checks"            [_thread_blocked, id=8412, stack(0x00000000694a0000,0x00000000695a0000) (1024K)]
  0x0000000068be53f0 JavaThread "Daemon"                            [_thread_blocked, id=9140, stack(0x00000000695a0000,0x00000000696a0000) (1024K)]
  0x0000000068be5b40 JavaThread "Handler for socket connection from /127.0.0.1:58910 to /127.0.0.1:58911"        [_thread_in_native, id=26712, stack(0x00000000696a0000,0x00000000697a0000) (1024K)]
  0x0000000068be4ca0 JavaThread "Cancel handler"                    [_thread_blocked, id=25496, stack(0x0000000066600000,0x0000000066700000) (1024K)]
  0x00000000208831c0 JavaThread "Daemon worker"                     [_thread_blocked, id=320, stack(0x00000000697a0000,0x00000000698a0000) (1024K)]
  0x00000000208847b0 JavaThread "Asynchronous log dispatcher for DefaultDaemonConnection: socket connection from /127.0.0.1:58910 to /127.0.0.1:58911"        [_thread_blocked, id=9456, stack(0x0000000069da0000,0x0000000069ea0000) (1024K)]
  0x0000000020884f00 JavaThread "Stdin handler"                     [_thread_blocked, id=16668, stack(0x0000000069ea0000,0x0000000069fa0000) (1024K)]
  0x0000000020885650 JavaThread "Daemon client event forwarder"        [_thread_blocked, id=15388, stack(0x0000000069fa0000,0x000000006a0a0000) (1024K)]
  0x00000000208864f0 JavaThread "Cache worker for journal cache (C:\Users\DELL\.gradle\caches\journal-1)"        [_thread_blocked, id=23996, stack(0x000000006b070000,0x000000006b170000) (1024K)]
  0x0000000020883910 JavaThread "File lock request listener"        [_thread_in_native, id=20604, stack(0x000000006b170000,0x000000006b270000) (1024K)]
  0x0000000020885da0 JavaThread "Cache worker for file hash cache (C:\Users\DELL\.gradle\caches\9.6.1\fileHashes)"        [_thread_blocked, id=25876, stack(0x000000006b270000,0x000000006b370000) (1024K)]
  0x000000002087f740 JavaThread "File lock release action executor"        [_thread_blocked, id=14780, stack(0x000000006b370000,0x000000006b470000) (1024K)]
  0x0000000020880d30 JavaThread "Cache worker for file hash cache (D:\文件\Dev-WiFIGhost\meteor plugin\LBLT-Meteor-Addon\.gradle\9.6.1\fileHashes)"        [_thread_blocked, id=20420, stack(0x000000006c8f0000,0x000000006c9f0000) (1024K)]
  0x0000000020881480 JavaThread "Cache worker for Build Output Cleanup Cache (D:\文件\Dev-WiFIGhost\meteor plugin\LBLT-Meteor-Addon\.gradle\buildOutputCleanup)"        [_thread_blocked, id=5224, stack(0x000000006c9f0000,0x000000006caf0000) (1024K)]
  0x0000000020886c40 JavaThread "File watcher server"        daemon [_thread_in_native, id=16500, stack(0x000000006b670000,0x000000006b770000) (1024K)]
  0x000000002087fe90 JavaThread "File watcher consumer"      daemon [_thread_blocked, id=11628, stack(0x000000006b770000,0x000000006b870000) (1024K)]
  0x0000000020884060 JavaThread "Cache worker for file content cache (C:\Users\DELL\.gradle\caches\9.6.1\fileContent)"        [_thread_blocked, id=5520, stack(0x000000006daf0000,0x000000006dbf0000) (1024K)]
  0x0000000020882a70 JavaThread "Cache worker for checksums cache (D:\文件\Dev-WiFIGhost\meteor plugin\LBLT-Meteor-Addon\.gradle\9.6.1\checksums)"        [_thread_blocked, id=12080, stack(0x000000006dbf0000,0x000000006dcf0000) (1024K)]
  0x00000000208805e0 JavaThread "Cache worker for cache directory md-supplier (C:\Users\DELL\.gradle\caches\9.6.1\md-supplier)"        [_thread_blocked, id=26288, stack(0x000000006dcf0000,0x000000006ddf0000) (1024K)]
  0x0000000020881bd0 JavaThread "Cache worker for cache directory md-rule (C:\Users\DELL\.gradle\caches\9.6.1\md-rule)"        [_thread_blocked, id=3724, stack(0x000000006ddf0000,0x000000006def0000) (1024K)]
  0x0000000020882320 JavaThread "jar transforms"                    [_thread_blocked, id=1792, stack(0x000000006b470000,0x000000006b570000) (1024K)]
  0x0000000068b45d30 JavaThread "Build operations"                  [_thread_blocked, id=2076, stack(0x000000006dff0000,0x000000006e0f0000) (1024K)]
  0x0000000068b47320 JavaThread "Build operations Thread 2"         [_thread_blocked, id=9932, stack(0x000000006e3c0000,0x000000006e4c0000) (1024K)]
  0x0000000068b497b0 JavaThread "Build operations Thread 3"         [_thread_blocked, id=8264, stack(0x000000006e5c0000,0x000000006e6c0000) (1024K)]
  0x0000000068b4a650 JavaThread "jar transforms Thread 2"           [_thread_blocked, id=14304, stack(0x000000006e260000,0x000000006e360000) (1024K)]
  0x0000000068b4b4f0 JavaThread "jar transforms Thread 3"           [_thread_blocked, id=24980, stack(0x000000006e0f0000,0x000000006e1f0000) (1024K)]
  0x0000000068b4ada0 JavaThread "Build operations Thread 4"         [_thread_blocked, id=18560, stack(0x000000006def0000,0x000000006dff0000) (1024K)]
  0x0000000068b49f00 JavaThread "Build operations Thread 5"         [_thread_blocked, id=12548, stack(0x000000006e4c0000,0x000000006e5c0000) (1024K)]
  0x0000000068b47a70 JavaThread "Build operations Thread 6"         [_thread_blocked, id=1264, stack(0x000000006e6c0000,0x000000006e7c0000) (1024K)]
  0x0000000068b4bc40 JavaThread "Build operations Thread 7"         [_thread_blocked, id=14980, stack(0x000000006f860000,0x000000006f960000) (1024K)]
  0x0000000068b4c390 JavaThread "Build operations Thread 8"         [_thread_blocked, id=21116, stack(0x000000006f960000,0x000000006fa60000) (1024K)]
  0x0000000068b46480 JavaThread "Problems report writer"            [_thread_blocked, id=25944, stack(0x000000006fa60000,0x000000006fb60000) (1024K)]
  0x0000000068b46bd0 JavaThread "Memory manager"                    [_thread_blocked, id=14252, stack(0x000000006fc60000,0x000000006fd60000) (1024K)]
  0x0000000068b481c0 JavaThread "jar transforms Thread 4"           [_thread_blocked, id=1404, stack(0x000000006fe60000,0x000000006ff60000) (1024K)]
  0x0000000068b48910 JavaThread "HttpClient-1-SelectorManager" daemon [_thread_in_native, id=27016, stack(0x000000006fb60000,0x000000006fc60000) (1024K)]
  0x000000006a8820f0 JavaThread "VirtualThread-unblocker"    daemon [_thread_blocked, id=18076, stack(0x000000006fd60000,0x000000006fe60000) (1024K)]
  0x000000006a885b70 JavaThread "ForkJoinPool-1-worker-1"    daemon [_thread_blocked, id=11640, stack(0x000000006ff60000,0x0000000070060000) (1024K)]
  0x000000006a884cd0 JavaThread "ForkJoinPool-1-worker-2"    daemon [_thread_blocked, id=26928, stack(0x0000000070060000,0x0000000070160000) (1024K)]
  0x000000006a8836e0 JavaThread "ForkJoinPool-1-worker-3"    daemon [_thread_blocked, id=7740, stack(0x0000000070160000,0x0000000070260000) (1024K)]
  0x000000006a882f90 JavaThread "ForkJoinPool-1-worker-4"    daemon [_thread_blocked, id=26824, stack(0x0000000070260000,0x0000000070360000) (1024K)]
  0x000000006a8819a0 JavaThread "ForkJoinPool-1-worker-5"    daemon [_thread_blocked, id=15052, stack(0x0000000070360000,0x0000000070460000) (1024K)]
  0x000000006a886a10 JavaThread "ForkJoinPool-1-worker-6"    daemon [_thread_blocked, id=1296, stack(0x00000000714c0000,0x00000000715c0000) (1024K)]
  0x000000006a882840 JavaThread "ForkJoinPool-1-worker-7"    daemon [_thread_blocked, id=7732, stack(0x00000000715c0000,0x00000000716c0000) (1024K)]
  0x000000006a887160 JavaThread "ForkJoinPool-1-worker-8"    daemon [_thread_blocked, id=22468, stack(0x00000000716c0000,0x00000000717c0000) (1024K)]
  0x000000006a8878b0 JavaThread "included builds"                   [_thread_blocked, id=26700, stack(0x00000000728b0000,0x00000000729b0000) (1024K)]
  0x000000006a880b00 JavaThread "Execution worker"                  [_thread_blocked, id=19012, stack(0x00000000729b0000,0x0000000072ab0000) (1024K)]
  0x000000006a881250 JavaThread "Execution worker Thread 2"         [_thread_blocked, id=3592, stack(0x0000000072ab0000,0x0000000072bb0000) (1024K)]
  0x000000006a883e30 JavaThread "Execution worker Thread 3"         [_thread_blocked, id=11428, stack(0x0000000072bb0000,0x0000000072cb0000) (1024K)]
  0x000000006a884580 JavaThread "Execution worker Thread 4"         [_thread_blocked, id=13928, stack(0x0000000072cb0000,0x0000000072db0000) (1024K)]
  0x000000006a885420 JavaThread "Execution worker Thread 5"         [_thread_blocked, id=8680, stack(0x0000000072db0000,0x0000000072eb0000) (1024K)]
  0x000000006d54cbb0 JavaThread "Execution worker Thread 6"         [_thread_blocked, id=25008, stack(0x0000000072eb0000,0x0000000072fb0000) (1024K)]
  0x000000006d54d300 JavaThread "Execution worker Thread 7"         [_thread_blocked, id=16276, stack(0x0000000072fb0000,0x00000000730b0000) (1024K)]
  0x000000006d54da50 JavaThread "Cache worker for execution history cache (D:\文件\Dev-WiFIGhost\meteor plugin\LBLT-Meteor-Addon\.gradle\9.6.1\executionHistory)"        [_thread_blocked, id=23760, stack(0x0000000000670000,0x0000000000770000) (1024K)]
  0x000000006d54e8f0 JavaThread "Unconstrained build operations"        [_thread_blocked, id=21448, stack(0x0000000000770000,0x0000000000870000) (1024K)]
  0x000000006d54f040 JavaThread "Unconstrained build operations Thread 2"        [_thread_blocked, id=8924, stack(0x0000000000870000,0x0000000000970000) (1024K)]
  0x000000006d54e1a0 JavaThread "Cache worker for Java compile cache (C:\Users\DELL\.gradle\caches\9.6.1\javaCompile)"        [_thread_in_native, id=21380, stack(0x00000000717c0000,0x00000000718c0000) (1024K)]
  0x00000000208cde80 JavaThread "C2 CompilerThread1"         daemon [_thread_in_native, id=19204, stack(0x00000000730b0000,0x00000000731b0000) (1024K)]
=>0x00000000209d01d0 JavaThread "C2 CompilerThread2"         daemon [_thread_in_native, id=4972, stack(0x00000000731b0000,0x00000000732b0000) (1024K)]
Total: 71

Other Threads:
  0x000000001d82b240 VMThread "VM Thread"                           [id=13836, stack(0x0000000020bb0000,0x0000000020cb0000) (1024K)]
  0x00000000207309d0 WatcherThread "VM Periodic Task Thread"        [id=10764, stack(0x0000000020ab0000,0x0000000020bb0000) (1024K)]
  0x000000000304cbe0 WorkerThread "GC Thread#0"                     [id=16860, stack(0x000000001d930000,0x000000001da30000) (1024K)]
  0x000000001d82a380 WorkerThread "GC Thread#1"                     [id=19620, stack(0x0000000067100000,0x0000000067200000) (1024K)]
  0x000000001d82aae0 WorkerThread "GC Thread#2"                     [id=4764, stack(0x00000000681d0000,0x00000000682d0000) (1024K)]
  0x0000000067e90f60 WorkerThread "GC Thread#3"                     [id=25576, stack(0x00000000698a0000,0x00000000699a0000) (1024K)]
  0x0000000067e92ce0 WorkerThread "GC Thread#4"                     [id=17928, stack(0x00000000699a0000,0x0000000069aa0000) (1024K)]
  0x0000000067e921d0 WorkerThread "GC Thread#5"                     [id=18872, stack(0x0000000069aa0000,0x0000000069ba0000) (1024K)]
  0x0000000067e90800 WorkerThread "GC Thread#6"                     [id=2876, stack(0x0000000069ba0000,0x0000000069ca0000) (1024K)]
  0x0000000067e91310 WorkerThread "GC Thread#7"                     [id=16352, stack(0x0000000069ca0000,0x0000000069da0000) (1024K)]
  0x000000001d755c20 ConcurrentGCThread "G1 Main Marker"            [id=21476, stack(0x000000001da30000,0x000000001db30000) (1024K)]
  0x000000001d7571b0 WorkerThread "G1 Conc#0"                       [id=9716, stack(0x000000001db30000,0x000000001dc30000) (1024K)]
  0x0000000067e8f1e0 WorkerThread "G1 Conc#1"                       [id=11356, stack(0x000000006b570000,0x000000006b670000) (1024K)]
  0x000000001d81e8e0 ConcurrentGCThread "G1 Refine#0"               [id=22696, stack(0x00000000204b0000,0x00000000205b0000) (1024K)]
  0x000000001d81f370 ConcurrentGCThread "G1 Service"                [id=17088, stack(0x00000000205b0000,0x00000000206b0000) (1024K)]
Total: 15

Threads with active compile tasks:
C2 CompilerThread0  35800 10014       4       org.gradle.internal.serialize.HierarchicalNameSerializer::readName (51 bytes)
C2 CompilerThread1  35800 10038       4       org.gradle.api.internal.cache.StringInterner::intern (9 bytes)
C2 CompilerThread2  35800 10037       4       com.google.common.collect.Interners$InternerImpl::intern (54 bytes)
Total: 3

VM state: not at safepoint (normal execution)

VM Mutex/Monitor currently owned by a thread: None

Heap address: 0x0000000080000000, size: 2048 MB, Compressed Oops mode: 32-bit

CDS archive(s) mapped at: [0x0000000021000000-0x0000000021d40000-0x0000000021d40000), size 13893632, SharedBaseAddress: 0x0000000021000000, ArchiveRelocationMode: 1.
Compressed class space mapped at: 0x0000000022000000-0x0000000062000000, reserved size: 1073741824
UseCompressedClassPointers 1, UseCompactObjectHeaders 0
Narrow klass pointer bits 32, Max shift 3
Narrow klass base: 0x0000000021000000, Narrow klass shift: 0
Encoding Range: [0x0000000021000000 - 0x0000000121000000), (4294967296 bytes)
Klass Range:    [0x0000000021000000 - 0x0000000062000000), (1090519040 bytes)
Klass ID Range:  [8 - 1090519033) (1090519025)

GC Precious Log:
 CardTable entry size: 512
 Card Set container configuration: InlinePtr #cards 5 size 8 Array Of Cards #cards 10 size 36 Howl #buckets 4 coarsen threshold 1843 Howl Bitmap #cards 512 size 80 coarsen threshold 460 Card regions per heap region 1 cards per card region 2048
 CPUs: 8 total, 8 available
 Memory: 8026M
 Large Page Support: Disabled
 NUMA Support: Disabled
 Compressed Oops: Enabled (32-bit)
 Heap Region Size: 1M
 Heap Min Capacity: 8M
 Heap Initial Capacity: 126M
 Heap Max Capacity: 2G
 Pre-touch: Disabled
 Parallel Workers: 8
 Concurrent Workers: 2
 Concurrent Refinement Workers: 8
 Periodic GC: Disabled

Heap:
 garbage-first heap   total reserved 2097152K, committed 102400K, used 70191K [0x0000000080000000, 0x0000000100000000)
  region size 1024K, 11 young (11264K), 4 survivors (4096K)
 Metaspace       used 68699K, committed 70976K, reserved 1114112K
  class space    used 8054K, committed 9088K, reserved 1048576K

Heap Regions: E=young(eden), S=young(survivor), O=old, HS=humongous(starts), HC=humongous(continues), CS=collection set, F=free, TAMS=top-at-mark-start, PB=parsable bottom
|   0|0x0000000080000000, 0x0000000080100000, 0x0000000080100000|100%|HS|  |TAMS 0x0000000080000000| PB 0x0000000080000000| Complete |  0
|   1|0x0000000080100000, 0x0000000080200000, 0x0000000080200000|100%|HC|  |TAMS 0x0000000080100000| PB 0x0000000080100000| Complete |  0
|   2|0x0000000080200000, 0x0000000080300000, 0x0000000080300000|100%|HC|  |TAMS 0x0000000080200000| PB 0x0000000080200000| Complete |  0
|   3|0x0000000080300000, 0x0000000080400000, 0x0000000080400000|100%|HC|  |TAMS 0x0000000080300000| PB 0x0000000080300000| Complete |  0
|   4|0x0000000080400000, 0x0000000080500000, 0x0000000080500000|100%| O|  |TAMS 0x0000000080400000| PB 0x0000000080400000| Untracked |  0
|   5|0x0000000080500000, 0x0000000080600000, 0x0000000080600000|100%| O|  |TAMS 0x0000000080500000| PB 0x0000000080500000| Untracked |  0
|   6|0x0000000080600000, 0x0000000080700000, 0x0000000080700000|100%|HS|  |TAMS 0x0000000080600000| PB 0x0000000080600000| Complete |  0
|   7|0x0000000080700000, 0x0000000080800000, 0x0000000080800000|100%| O|  |TAMS 0x0000000080700000| PB 0x0000000080700000| Untracked |  0
|   8|0x0000000080800000, 0x0000000080900000, 0x0000000080900000|100%| O|  |TAMS 0x0000000080800000| PB 0x0000000080800000| Untracked |  0
|   9|0x0000000080900000, 0x0000000080a00000, 0x0000000080a00000|100%| O|  |TAMS 0x0000000080900000| PB 0x0000000080900000| Untracked |  0
|  10|0x0000000080a00000, 0x0000000080b00000, 0x0000000080b00000|100%| O|  |TAMS 0x0000000080a00000| PB 0x0000000080a00000| Untracked |  0
|  11|0x0000000080b00000, 0x0000000080c00000, 0x0000000080c00000|100%| O|  |TAMS 0x0000000080b00000| PB 0x0000000080b00000| Untracked |  0
|  12|0x0000000080c00000, 0x0000000080d00000, 0x0000000080d00000|100%| O|  |TAMS 0x0000000080c00000| PB 0x0000000080c00000| Untracked |  0
|  13|0x0000000080d00000, 0x0000000080e00000, 0x0000000080e00000|100%| O|  |TAMS 0x0000000080d00000| PB 0x0000000080d00000| Untracked |  0
|  14|0x0000000080e00000, 0x0000000080f00000, 0x0000000080f00000|100%| O|  |TAMS 0x0000000080e00000| PB 0x0000000080e00000| Untracked |  0
|  15|0x0000000080f00000, 0x0000000081000000, 0x0000000081000000|100%| O|  |TAMS 0x0000000080f00000| PB 0x0000000080f00000| Untracked |  0
|  16|0x0000000081000000, 0x0000000081100000, 0x0000000081100000|100%| O|  |TAMS 0x0000000081000000| PB 0x0000000081000000| Untracked |  0
|  17|0x0000000081100000, 0x0000000081200000, 0x0000000081200000|100%| O|  |TAMS 0x0000000081100000| PB 0x0000000081100000| Untracked |  0
|  18|0x0000000081200000, 0x0000000081300000, 0x0000000081300000|100%| O|  |TAMS 0x0000000081200000| PB 0x0000000081200000| Untracked |  0
|  19|0x0000000081300000, 0x0000000081400000, 0x0000000081400000|100%| O|  |TAMS 0x0000000081300000| PB 0x0000000081300000| Untracked |  0
|  20|0x0000000081400000, 0x0000000081500000, 0x0000000081500000|100%| O|  |TAMS 0x0000000081400000| PB 0x0000000081400000| Untracked |  0
|  21|0x0000000081500000, 0x0000000081600000, 0x0000000081600000|100%| O|  |TAMS 0x0000000081500000| PB 0x0000000081500000| Untracked |  0
|  22|0x0000000081600000, 0x0000000081700000, 0x0000000081700000|100%| O|  |TAMS 0x0000000081600000| PB 0x0000000081600000| Untracked |  0
|  23|0x0000000081700000, 0x0000000081800000, 0x0000000081800000|100%| O|  |TAMS 0x0000000081700000| PB 0x0000000081700000| Untracked |  0
|  24|0x0000000081800000, 0x0000000081900000, 0x0000000081900000|100%| O|  |TAMS 0x0000000081800000| PB 0x0000000081800000| Untracked |  0
|  25|0x0000000081900000, 0x0000000081a00000, 0x0000000081a00000|100%| O|  |TAMS 0x0000000081900000| PB 0x0000000081900000| Untracked |  0
|  26|0x0000000081a00000, 0x0000000081b00000, 0x0000000081b00000|100%| O|  |TAMS 0x0000000081a00000| PB 0x0000000081a00000| Untracked |  0
|  27|0x0000000081b00000, 0x0000000081c00000, 0x0000000081c00000|100%| O|  |TAMS 0x0000000081b00000| PB 0x0000000081b00000| Untracked |  0
|  28|0x0000000081c00000, 0x0000000081d00000, 0x0000000081d00000|100%| O|  |TAMS 0x0000000081c00000| PB 0x0000000081c00000| Untracked |  0
|  29|0x0000000081d00000, 0x0000000081e00000, 0x0000000081e00000|100%| O|  |TAMS 0x0000000081d00000| PB 0x0000000081d00000| Untracked |  0
|  30|0x0000000081e00000, 0x0000000081f00000, 0x0000000081f00000|100%| O|  |TAMS 0x0000000081e00000| PB 0x0000000081e00000| Untracked |  0
|  31|0x0000000081f00000, 0x0000000082000000, 0x0000000082000000|100%| O|  |TAMS 0x0000000081f00000| PB 0x0000000081f00000| Untracked |  0
|  32|0x0000000082000000, 0x0000000082100000, 0x0000000082100000|100%| O|  |TAMS 0x0000000082000000| PB 0x0000000082000000| Untracked |  0
|  33|0x0000000082100000, 0x0000000082200000, 0x0000000082200000|100%| O|  |TAMS 0x0000000082100000| PB 0x0000000082100000| Untracked |  0
|  34|0x0000000082200000, 0x0000000082300000, 0x0000000082300000|100%|HS|  |TAMS 0x0000000082200000| PB 0x0000000082200000| Complete |  0
|  35|0x0000000082300000, 0x0000000082400000, 0x0000000082400000|100%| O|  |TAMS 0x0000000082300000| PB 0x0000000082300000| Untracked |  0
|  36|0x0000000082400000, 0x0000000082500000, 0x0000000082500000|100%| O|  |TAMS 0x0000000082400000| PB 0x0000000082400000| Untracked |  0
|  37|0x0000000082500000, 0x0000000082600000, 0x0000000082600000|100%| O|Cm|TAMS 0x0000000082500000| PB 0x0000000082500000| Complete |  0
|  38|0x0000000082600000, 0x0000000082700000, 0x0000000082700000|100%| O|  |TAMS 0x0000000082600000| PB 0x0000000082600000| Untracked |  0
|  39|0x0000000082700000, 0x0000000082800000, 0x0000000082800000|100%| O|  |TAMS 0x0000000082700000| PB 0x0000000082700000| Untracked |  0
|  40|0x0000000082800000, 0x0000000082900000, 0x0000000082900000|100%| O|  |TAMS 0x0000000082800000| PB 0x0000000082800000| Untracked |  0
|  41|0x0000000082900000, 0x0000000082a00000, 0x0000000082a00000|100%| O|  |TAMS 0x0000000082900000| PB 0x0000000082900000| Untracked |  0
|  42|0x0000000082a00000, 0x0000000082b00000, 0x0000000082b00000|100%| O|  |TAMS 0x0000000082a00000| PB 0x0000000082a00000| Untracked |  0
|  43|0x0000000082b00000, 0x0000000082c00000, 0x0000000082c00000|100%| O|  |TAMS 0x0000000082b00000| PB 0x0000000082b00000| Untracked |  0
|  44|0x0000000082c00000, 0x0000000082d00000, 0x0000000082d00000|100%| O|  |TAMS 0x0000000082c00000| PB 0x0000000082c00000| Untracked |  0
|  45|0x0000000082d00000, 0x0000000082e00000, 0x0000000082e00000|100%| O|  |TAMS 0x0000000082d00000| PB 0x0000000082d00000| Untracked |  0
|  46|0x0000000082e00000, 0x0000000082f00000, 0x0000000082f00000|100%| O|  |TAMS 0x0000000082e00000| PB 0x0000000082e00000| Untracked |  0
|  47|0x0000000082f00000, 0x0000000083000000, 0x0000000083000000|100%| O|Cm|TAMS 0x0000000082f00000| PB 0x0000000082f00000| Complete |  0
|  48|0x0000000083000000, 0x0000000083100000, 0x0000000083100000|100%| O|  |TAMS 0x0000000083000000| PB 0x0000000083000000| Untracked |  0
|  49|0x0000000083100000, 0x0000000083200000, 0x0000000083200000|100%| O|  |TAMS 0x0000000083100000| PB 0x0000000083100000| Untracked |  0
|  50|0x0000000083200000, 0x0000000083300000, 0x0000000083300000|100%| O|  |TAMS 0x0000000083200000| PB 0x0000000083200000| Untracked |  0
|  51|0x0000000083300000, 0x0000000083400000, 0x0000000083400000|100%| O|  |TAMS 0x0000000083300000| PB 0x0000000083300000| Untracked |  0
|  52|0x0000000083400000, 0x0000000083500000, 0x0000000083500000|100%| O|  |TAMS 0x0000000083400000| PB 0x0000000083400000| Untracked |  0
|  53|0x0000000083500000, 0x0000000083600000, 0x0000000083600000|100%| O|  |TAMS 0x0000000083500000| PB 0x0000000083500000| Untracked |  0
|  54|0x0000000083600000, 0x0000000083700000, 0x0000000083700000|100%| O|  |TAMS 0x0000000083600000| PB 0x0000000083600000| Untracked |  0
|  55|0x0000000083700000, 0x0000000083800000, 0x0000000083800000|100%| O|  |TAMS 0x0000000083700000| PB 0x0000000083700000| Untracked |  0
|  56|0x0000000083800000, 0x000000008388bfe0, 0x0000000083900000| 54%| O|  |TAMS 0x0000000083800000| PB 0x0000000083800000| Untracked |  0
|  57|0x0000000083900000, 0x0000000083900000, 0x0000000083a00000|  0%| F|  |TAMS 0x0000000083900000| PB 0x0000000083900000| Untracked |  0
|  58|0x0000000083a00000, 0x0000000083b00000, 0x0000000083b00000|100%| O|  |TAMS 0x0000000083a00000| PB 0x0000000083a00000| Untracked |  0
|  59|0x0000000083b00000, 0x0000000083b00000, 0x0000000083c00000|  0%| F|  |TAMS 0x0000000083b00000| PB 0x0000000083b00000| Untracked |  0
|  60|0x0000000083c00000, 0x0000000083c00000, 0x0000000083d00000|  0%| F|  |TAMS 0x0000000083c00000| PB 0x0000000083c00000| Untracked |  0
|  61|0x0000000083d00000, 0x0000000083d00000, 0x0000000083e00000|  0%| F|  |TAMS 0x0000000083d00000| PB 0x0000000083d00000| Untracked |  0
|  62|0x0000000083e00000, 0x0000000083e00000, 0x0000000083f00000|  0%| F|  |TAMS 0x0000000083e00000| PB 0x0000000083e00000| Untracked |  0
|  63|0x0000000083f00000, 0x0000000083f00000, 0x0000000084000000|  0%| F|  |TAMS 0x0000000083f00000| PB 0x0000000083f00000| Untracked |  0
|  64|0x0000000084000000, 0x0000000084000000, 0x0000000084100000|  0%| F|  |TAMS 0x0000000084000000| PB 0x0000000084000000| Untracked |  0
|  65|0x0000000084100000, 0x0000000084100000, 0x0000000084200000|  0%| F|  |TAMS 0x0000000084100000| PB 0x0000000084100000| Untracked |  0
|  66|0x0000000084200000, 0x0000000084200000, 0x0000000084300000|  0%| F|  |TAMS 0x0000000084200000| PB 0x0000000084200000| Untracked |  0
|  67|0x0000000084300000, 0x0000000084300000, 0x0000000084400000|  0%| F|  |TAMS 0x0000000084300000| PB 0x0000000084300000| Untracked |  0
|  68|0x0000000084400000, 0x0000000084500000, 0x0000000084500000|100%| S|CS|TAMS 0x0000000084400000| PB 0x0000000084400000| Complete |  0
|  69|0x0000000084500000, 0x0000000084600000, 0x0000000084600000|100%| S|CS|TAMS 0x0000000084500000| PB 0x0000000084500000| Complete |  0
|  70|0x0000000084600000, 0x0000000084700000, 0x0000000084700000|100%| S|CS|TAMS 0x0000000084600000| PB 0x0000000084600000| Complete |  0
|  71|0x0000000084700000, 0x0000000084800000, 0x0000000084800000|100%| S|CS|TAMS 0x0000000084700000| PB 0x0000000084700000| Complete |  0
|  72|0x0000000084800000, 0x0000000084800000, 0x0000000084900000|  0%| F|  |TAMS 0x0000000084800000| PB 0x0000000084800000| Untracked |  0
|  73|0x0000000084900000, 0x0000000084900000, 0x0000000084a00000|  0%| F|  |TAMS 0x0000000084900000| PB 0x0000000084900000| Untracked |  0
|  74|0x0000000084a00000, 0x0000000084a00000, 0x0000000084b00000|  0%| F|  |TAMS 0x0000000084a00000| PB 0x0000000084a00000| Untracked |  0
|  75|0x0000000084b00000, 0x0000000084b00000, 0x0000000084c00000|  0%| F|  |TAMS 0x0000000084b00000| PB 0x0000000084b00000| Untracked |  0
|  76|0x0000000084c00000, 0x0000000084c00000, 0x0000000084d00000|  0%| F|  |TAMS 0x0000000084c00000| PB 0x0000000084c00000| Untracked |  0
|  77|0x0000000084d00000, 0x0000000084d00000, 0x0000000084e00000|  0%| F|  |TAMS 0x0000000084d00000| PB 0x0000000084d00000| Untracked |  0
|  78|0x0000000084e00000, 0x0000000084e00000, 0x0000000084f00000|  0%| F|  |TAMS 0x0000000084e00000| PB 0x0000000084e00000| Untracked |  0
|  79|0x0000000084f00000, 0x0000000084f00000, 0x0000000085000000|  0%| F|  |TAMS 0x0000000084f00000| PB 0x0000000084f00000| Untracked |  0
|  80|0x0000000085000000, 0x0000000085000000, 0x0000000085100000|  0%| F|  |TAMS 0x0000000085000000| PB 0x0000000085000000| Untracked |  0
|  81|0x0000000085100000, 0x0000000085100000, 0x0000000085200000|  0%| F|  |TAMS 0x0000000085100000| PB 0x0000000085100000| Untracked |  0
|  82|0x0000000085200000, 0x0000000085200000, 0x0000000085300000|  0%| F|  |TAMS 0x0000000085200000| PB 0x0000000085200000| Untracked |  0
|  83|0x0000000085300000, 0x0000000085300000, 0x0000000085400000|  0%| F|  |TAMS 0x0000000085300000| PB 0x0000000085300000| Untracked |  0
|  84|0x0000000085400000, 0x0000000085400000, 0x0000000085500000|  0%| F|  |TAMS 0x0000000085400000| PB 0x0000000085400000| Untracked |  0
|  85|0x0000000085500000, 0x0000000085500000, 0x0000000085600000|  0%| F|  |TAMS 0x0000000085500000| PB 0x0000000085500000| Untracked |  0
|  86|0x0000000085600000, 0x0000000085600000, 0x0000000085700000|  0%| F|  |TAMS 0x0000000085600000| PB 0x0000000085600000| Untracked |  0
|  87|0x0000000085700000, 0x0000000085700000, 0x0000000085800000|  0%| F|  |TAMS 0x0000000085700000| PB 0x0000000085700000| Untracked |  0
|  88|0x0000000085800000, 0x0000000085800000, 0x0000000085900000|  0%| F|  |TAMS 0x0000000085800000| PB 0x0000000085800000| Untracked |  0
|  89|0x0000000085900000, 0x0000000085900000, 0x0000000085a00000|  0%| F|  |TAMS 0x0000000085900000| PB 0x0000000085900000| Untracked |  0
|  90|0x0000000085a00000, 0x0000000085a00000, 0x0000000085b00000|  0%| F|  |TAMS 0x0000000085a00000| PB 0x0000000085a00000| Untracked |  0
|  91|0x0000000085b00000, 0x0000000085b00000, 0x0000000085c00000|  0%| F|  |TAMS 0x0000000085b00000| PB 0x0000000085b00000| Untracked |  0
|  92|0x0000000085c00000, 0x0000000085c51328, 0x0000000085d00000| 31%| E|  |TAMS 0x0000000085c00000| PB 0x0000000085c00000| Complete |  0
| 110|0x0000000086e00000, 0x0000000086f00000, 0x0000000086f00000|100%| E|CS|TAMS 0x0000000086e00000| PB 0x0000000086e00000| Complete |  0
| 111|0x0000000086f00000, 0x0000000087000000, 0x0000000087000000|100%| E|CS|TAMS 0x0000000086f00000| PB 0x0000000086f00000| Complete |  0
| 112|0x0000000087000000, 0x0000000087100000, 0x0000000087100000|100%| E|CS|TAMS 0x0000000087000000| PB 0x0000000087000000| Complete |  0
| 113|0x0000000087100000, 0x0000000087200000, 0x0000000087200000|100%| E|CS|TAMS 0x0000000087100000| PB 0x0000000087100000| Complete |  0
| 125|0x0000000087d00000, 0x0000000087e00000, 0x0000000087e00000|100%| E|CS|TAMS 0x0000000087d00000| PB 0x0000000087d00000| Complete |  0
|2046|0x00000000ffe00000, 0x00000000fff00000, 0x00000000fff00000|100%| O|  |TAMS 0x00000000ffe00000| PB 0x00000000ffe00000| Untracked |  0
|2047|0x00000000fff00000, 0x0000000100000000, 0x0000000100000000|100%| E|CS|TAMS 0x00000000fff00000| PB 0x00000000fff00000| Complete |  0

Card table byte_map: [0x000000001b2a0000,0x000000001b6a0000] _byte_map_base: 0x000000001aea0000

Marking Bits: (CMBitMap*) 0x000000001d751310
 Bits: [0x000000001b6a0000, 0x000000001d6a0000)

Polling page: 0x0000000000f00000

Metaspace:

Usage:
  Non-class:     59.22 MB used.
      Class:      7.87 MB used.
       Both:     67.09 MB used.

Virtual space:
  Non-class space:       64.00 MB reserved,      60.44 MB ( 94%) committed,  1 nodes.
      Class space:        1.00 GB reserved,       8.88 MB ( <1%) committed,  1 nodes.
             Both:        1.06 GB reserved,      69.31 MB (  6%) committed. 

Chunk freelists:
   Non-Class:  3.47 MB
       Class:  7.14 MB
        Both:  10.61 MB

MaxMetaspaceSize: unlimited
CompressedClassSpaceSize: 1.00 GB
Initial GC threshold: 21.00 MB
Current GC threshold: 113.88 MB
CDS: on
 - commit_granule_bytes: 65536.
 - commit_granule_words: 8192.
 - virtual_space_node_default_size: 8388608.
 - enlarge_chunks_in_place: 1.
UseCompressedClassPointers 1, UseCompactObjectHeaders 0
Narrow klass pointer bits 32, Max shift 3
Narrow klass base: 0x0000000021000000, Narrow klass shift: 0
Encoding Range: [0x0000000021000000 - 0x0000000121000000), (4294967296 bytes)
Klass Range:    [0x0000000021000000 - 0x0000000062000000), (1090519040 bytes)
Klass ID Range:  [8 - 1090519033) (1090519025)


Internal statistics:

num_allocs_failed_limit: 9.
num_arena_births: 3974.
num_arena_deaths: 0.
num_vsnodes_births: 2.
num_vsnodes_deaths: 0.
num_space_committed: 1109.
num_space_uncommitted: 0.
num_chunks_returned_to_freelist: 9.
num_chunks_taken_from_freelist: 7107.
num_chunk_merges: 9.
num_chunk_splits: 4563.
num_chunks_enlarged: 2742.
num_inconsistent_stats: 0.

CodeHeap 'non-profiled nmethods': size=120064Kb used=4311Kb max_used=4762Kb free=115752Kb
 bounds [0x0000000013300000, 0x00000000137b0000, 0x000000001a840000]
CodeHeap 'profiled nmethods': size=120000Kb used=13147Kb max_used=14465Kb free=106852Kb
 bounds [0x000000000b840000, 0x000000000c670000, 0x0000000012d70000]
CodeHeap 'non-nmethods': size=5696Kb used=1962Kb max_used=2051Kb free=3733Kb
 bounds [0x0000000012d70000, 0x0000000012fe0000, 0x0000000013300000]
CodeCache: size=245760Kb, used=19420Kb, max_used=21278Kb, free=226337Kb
 total_blobs=9522, nmethods=8669, adapters=758, full_count=0
Compilation: enabled, stopped_count=0, restarted_count=0

Compilation events (20 events):
Event: 35.262 Thread 0x00000000209d01d0 nmethod 10023 0x000000001347bb08 code [0x000000001347bc00, 0x000000001347bcc8]
Event: 35.262 Thread 0x00000000209d01d0 10037       4       com.google.common.collect.Interners$InternerImpl::intern (54 bytes)
Event: 35.264 Thread 0x00000000208cde80 nmethod 10036 0x000000001347b788 code [0x000000001347b8a0, 0x000000001347ba20]
Event: 35.264 Thread 0x00000000208cde80 10038       4       org.gradle.api.internal.cache.StringInterner::intern (9 bytes)
Event: 35.316 Thread 0x000000001d91ef30 10044       3       com.google.common.collect.Iterators$ConcatenatedIterator::next (33 bytes)
Event: 35.316 Thread 0x000000001d91ef30 nmethod 10044 0x000000000bf6e288 code [0x000000000bf6e3e0, 0x000000000bf6e760]
Event: 35.316 Thread 0x000000001d91ef30 10045       1       org.gradle.internal.operations.DefaultBuildOperationQueue::access$100 (5 bytes)
Event: 35.316 Thread 0x000000001d91ef30 nmethod 10045 0x000000001347b388 code [0x000000001347b480, 0x000000001347b528]
Event: 35.318 Thread 0x000000001d91ef30 10047   !   3       org.gradle.cache.internal.DefaultFileLockManager$DefaultFileLock::doWriteAction (66 bytes)
Event: 35.319 Thread 0x000000001d91ef30 nmethod 10047 0x000000000bbc0608 code [0x000000000bbc07e0, 0x000000000bbc0f10]
Event: 35.319 Thread 0x000000001d91ef30 10049       3       sun.security.jca.ProviderList::getService (122 bytes)
Event: 35.320 Thread 0x000000001d91ef30 nmethod 10049 0x000000000b9a4808 code [0x000000000b9a4a20, 0x000000000b9a5840]
Event: 35.320 Thread 0x000000001d91ef30 10048   !   3       sun.security.jca.GetInstance::getInstance (125 bytes)
Event: 35.322 Thread 0x000000001d91ef30 nmethod 10048 0x000000000c400f88 code [0x000000000c401240, 0x000000000c402720]
Event: 35.345 Thread 0x000000001d91ef30 10050       3       javax.management.ObjectName::<init> (15 bytes)
Event: 35.346 Thread 0x000000001d91ef30 nmethod 10050 0x000000000c021d08 code [0x000000000c021e20, 0x000000000c021fb8]
Event: 35.346 Thread 0x000000001d91ef30 10051       3       sun.management.Util::newObjectName (11 bytes)
Event: 35.348 Thread 0x000000001d91ef30 nmethod 10051 0x000000000b86e288 code [0x000000000b86e5c0, 0x000000000b8703d0]
Event: 35.348 Thread 0x000000001d91ef30 10052   !   3       sun.management.Util::newObjectName (15 bytes)
Event: 35.348 Thread 0x000000001d91ef30 nmethod 10052 0x000000000bc94f88 code [0x000000000bc950e0, 0x000000000bc95470]

GC Heap History (20 events):
Event: 13.668 GC heap before
{Heap before GC invocations=9 (full 0):
 garbage-first heap   total reserved 2097152K, committed 97280K, used 80183K [0x0000000080000000, 0x0000000100000000)
  region size 1024K, 51 young (52224K), 4 survivors (4096K)
 Metaspace       used 38979K, committed 40640K, reserved 1114112K
  class space    used 4538K, committed 5312K, reserved 1048576K
}
Event: 13.676 GC heap after
{Heap after GC invocations=10 (full 0):
 garbage-first heap   total reserved 2097152K, committed 97280K, used 35656K [0x0000000080000000, 0x0000000100000000)
  region size 1024K, 7 young (7168K), 7 survivors (7168K)
 Metaspace       used 38979K, committed 40640K, reserved 1114112K
  class space    used 4538K, committed 5312K, reserved 1048576K
}
Event: 15.404 GC heap before
{Heap before GC invocations=10 (full 0):
 garbage-first heap   total reserved 2097152K, committed 97280K, used 81736K [0x0000000080000000, 0x0000000100000000)
  region size 1024K, 52 young (53248K), 7 survivors (7168K)
 Metaspace       used 43845K, committed 45568K, reserved 1114112K
  class space    used 5222K, committed 6016K, reserved 1048576K
}
Event: 15.416 GC heap after
{Heap after GC invocations=11 (full 0):
 garbage-first heap   total reserved 2097152K, committed 97280K, used 37888K [0x0000000080000000, 0x0000000100000000)
  region size 1024K, 6 young (6144K), 6 survivors (6144K)
 Metaspace       used 43845K, committed 45568K, reserved 1114112K
  class space    used 5222K, committed 6016K, reserved 1048576K
}
Event: 17.714 GC heap before
{Heap before GC invocations=11 (full 0):
 garbage-first heap   total reserved 2097152K, committed 97280K, used 83968K [0x0000000080000000, 0x0000000100000000)
  region size 1024K, 52 young (53248K), 6 survivors (6144K)
 Metaspace       used 46950K, committed 48832K, reserved 1114112K
  class space    used 5548K, committed 6400K, reserved 1048576K
}
Event: 17.734 GC heap after
{Heap after GC invocations=12 (full 0):
 garbage-first heap   total reserved 2097152K, committed 97280K, used 41140K [0x0000000080000000, 0x0000000100000000)
  region size 1024K, 6 young (6144K), 6 survivors (6144K)
 Metaspace       used 46950K, committed 48832K, reserved 1114112K
  class space    used 5548K, committed 6400K, reserved 1048576K
}
Event: 19.271 GC heap before
{Heap before GC invocations=12 (full 0):
 garbage-first heap   total reserved 2097152K, committed 97280K, used 84148K [0x0000000080000000, 0x0000000100000000)
  region size 1024K, 48 young (49152K), 6 survivors (6144K)
 Metaspace       used 52149K, committed 54208K, reserved 1114112K
  class space    used 6069K, committed 7040K, reserved 1048576K
}
Event: 19.282 GC heap after
{Heap after GC invocations=13 (full 0):
 garbage-first heap   total reserved 2097152K, committed 97280K, used 44685K [0x0000000080000000, 0x0000000100000000)
  region size 1024K, 6 young (6144K), 6 survivors (6144K)
 Metaspace       used 52149K, committed 54208K, reserved 1114112K
  class space    used 6069K, committed 7040K, reserved 1048576K
}
Event: 20.358 GC heap before
{Heap before GC invocations=13 (full 0):
 garbage-first heap   total reserved 2097152K, committed 97280K, used 83597K [0x0000000080000000, 0x0000000100000000)
  region size 1024K, 44 young (45056K), 6 survivors (6144K)
 Metaspace       used 55295K, committed 57344K, reserved 1114112K
  class space    used 6423K, committed 7360K, reserved 1048576K
}
Event: 20.368 GC heap after
{Heap after GC invocations=14 (full 0):
 garbage-first heap   total reserved 2097152K, committed 97280K, used 46994K [0x0000000080000000, 0x0000000100000000)
  region size 1024K, 6 young (6144K), 6 survivors (6144K)
 Metaspace       used 55295K, committed 57344K, reserved 1114112K
  class space    used 6423K, committed 7360K, reserved 1048576K
}
Event: 21.349 GC heap before
{Heap before GC invocations=14 (full 0):
 garbage-first heap   total reserved 2097152K, committed 97280K, used 83858K [0x0000000080000000, 0x0000000100000000)
  region size 1024K, 42 young (43008K), 6 survivors (6144K)
 Metaspace       used 57149K, committed 59200K, reserved 1114112K
  class space    used 6617K, committed 7616K, reserved 1048576K
}
Event: 21.364 GC heap after
{Heap after GC invocations=15 (full 0):
 garbage-first heap   total reserved 2097152K, committed 97280K, used 50609K [0x0000000080000000, 0x0000000100000000)
  region size 1024K, 6 young (6144K), 6 survivors (6144K)
 Metaspace       used 57149K, committed 59200K, reserved 1114112K
  class space    used 6617K, committed 7616K, reserved 1048576K
}
Event: 22.815 GC heap before
{Heap before GC invocations=15 (full 0):
 garbage-first heap   total reserved 2097152K, committed 97280K, used 73137K [0x0000000080000000, 0x0000000100000000)
  region size 1024K, 29 young (29696K), 6 survivors (6144K)
 Metaspace       used 58041K, committed 60096K, reserved 1114112K
  class space    used 6712K, committed 7680K, reserved 1048576K
}
Event: 22.827 GC heap after
{Heap after GC invocations=16 (full 0):
 garbage-first heap   total reserved 2097152K, committed 97280K, used 53264K [0x0000000080000000, 0x0000000100000000)
  region size 1024K, 4 young (4096K), 4 survivors (4096K)
 Metaspace       used 58041K, committed 60096K, reserved 1114112K
  class space    used 6712K, committed 7680K, reserved 1048576K
}
Event: 25.805 GC heap before
{Heap before GC invocations=17 (full 0):
 garbage-first heap   total reserved 2097152K, committed 97280K, used 86032K [0x0000000080000000, 0x0000000100000000)
  region size 1024K, 36 young (36864K), 4 survivors (4096K)
 Metaspace       used 63136K, committed 65280K, reserved 1114112K
  class space    used 7259K, committed 8256K, reserved 1048576K
}
Event: 25.814 GC heap after
{Heap after GC invocations=18 (full 0):
 garbage-first heap   total reserved 2097152K, committed 97280K, used 56427K [0x0000000080000000, 0x0000000100000000)
  region size 1024K, 4 young (4096K), 4 survivors (4096K)
 Metaspace       used 63136K, committed 65280K, reserved 1114112K
  class space    used 7259K, committed 8256K, reserved 1048576K
}
Event: 29.536 GC heap before
{Heap before GC invocations=18 (full 0):
 garbage-first heap   total reserved 2097152K, committed 97280K, used 85099K [0x0000000080000000, 0x0000000100000000)
  region size 1024K, 33 young (33792K), 4 survivors (4096K)
 Metaspace       used 64928K, committed 67072K, reserved 1114112K
  class space    used 7522K, committed 8512K, reserved 1048576K
}
Event: 29.546 GC heap after
{Heap after GC invocations=19 (full 0):
 garbage-first heap   total reserved 2097152K, committed 97280K, used 58684K [0x0000000080000000, 0x0000000100000000)
  region size 1024K, 3 young (3072K), 3 survivors (3072K)
 Metaspace       used 64928K, committed 67072K, reserved 1114112K
  class space    used 7522K, committed 8512K, reserved 1048576K
}
Event: 33.310 GC heap before
{Heap before GC invocations=19 (full 0):
 garbage-first heap   total reserved 2097152K, committed 97280K, used 86332K [0x0000000080000000, 0x0000000100000000)
  region size 1024K, 31 young (31744K), 3 survivors (3072K)
 Metaspace       used 67680K, committed 69888K, reserved 1114112K
  class space    used 7893K, committed 8960K, reserved 1048576K
}
Event: 33.322 GC heap after
{Heap after GC invocations=20 (full 0):
 garbage-first heap   total reserved 2097152K, committed 97280K, used 60054K [0x0000000080000000, 0x0000000100000000)
  region size 1024K, 3 young (3072K), 3 survivors (3072K)
 Metaspace       used 67680K, committed 69888K, reserved 1114112K
  class space    used 7893K, committed 8960K, reserved 1048576K
}

Dll operation events (15 events):
Event: 0.059 Loaded shared library C:\Program Files\Java\jdk-24\bin\java.dll
Event: 0.148 Loaded shared library C:\Program Files\Java\jdk-24\bin\jsvml.dll
Event: 0.276 Loaded shared library C:\Program Files\Java\jdk-24\bin\zip.dll
Event: 0.292 Loaded shared library C:\Program Files\Java\jdk-24\bin\instrument.dll
Event: 0.298 Loaded shared library C:\Program Files\Java\jdk-24\bin\net.dll
Event: 0.309 Loaded shared library C:\Program Files\Java\jdk-24\bin\nio.dll
Event: 0.315 Loaded shared library C:\Program Files\Java\jdk-24\bin\zip.dll
Event: 0.745 Loaded shared library C:\Program Files\Java\jdk-24\bin\jimage.dll
Event: 1.239 Loaded shared library C:\Program Files\Java\jdk-24\bin\verify.dll
Event: 1.310 Loaded shared library C:\Users\DELL\.gradle\native\660c5614fbf4a5f2a75b1949f50a0caf5cd603558e7d8a26e50b933a0cfb79d1\windows-amd64\native-platform.dll
Event: 1.361 Loaded shared library C:\Users\DELL\.gradle\native\0.2.8\x86_64-windows-gnu\gradle-fileevents.dll
Event: 4.229 Loaded shared library C:\Program Files\Java\jdk-24\bin\management.dll
Event: 4.232 Loaded shared library C:\Program Files\Java\jdk-24\bin\management_ext.dll
Event: 4.632 Loaded shared library C:\Program Files\Java\jdk-24\bin\extnet.dll
Event: 5.213 Loaded shared library C:\Program Files\Java\jdk-24\bin\sunmscapi.dll

Deoptimization events (20 events):
Event: 34.812 Thread 0x000000006a8878b0 Uncommon trap: trap_request=0xffffff66 fr.pc=0x00000000136039e4 relative=0x0000000000001584
Event: 34.812 Thread 0x000000006a8878b0 Uncommon trap: reason=speculate_class_check action=maybe_recompile pc=0x00000000136039e4 method=jdk.internal.loader.BuiltinClassLoader.loadClassOrNull(Ljava/lang/String;)Ljava/lang/Class; @ 3 c2
Event: 34.812 Thread 0x000000006a8878b0 DEOPT PACKING pc=0x00000000136039e4 sp=0x00000000729a8c00
Event: 34.812 Thread 0x000000006a8878b0 DEOPT UNPACKING pc=0x0000000012e85f82 sp=0x00000000729a8b48 mode 2
Event: 35.017 Thread 0x0000000068be6290 DEOPT PACKING pc=0x000000000be4e604 sp=0x000000006959f4e0
Event: 35.017 Thread 0x0000000068be6290 DEOPT UNPACKING pc=0x0000000012dc5722 sp=0x000000006959e9b8 mode 0
Event: 35.316 Thread 0x0000000068b47a70 DEOPT PACKING pc=0x000000000c4f894c sp=0x000000006e7bf520
Event: 35.316 Thread 0x0000000068b47a70 DEOPT UNPACKING pc=0x0000000012dc5722 sp=0x000000006e7be988 mode 0
Event: 35.317 Thread 0x0000000068b47a70 Uncommon trap: trap_request=0xffffffde fr.pc=0x000000001355ad00 relative=0x0000000000008c40
Event: 35.317 Thread 0x0000000068b497b0 Uncommon trap: trap_request=0xffffffde fr.pc=0x000000001355ad00 relative=0x0000000000008c40
Event: 35.317 Thread 0x0000000068b47a70 Uncommon trap: reason=class_check action=maybe_recompile pc=0x000000001355ad00 method=jdk.internal.util.ReferencedKeyMap.existingKey(Ljdk/internal/util/ReferencedKeyMap;Ljava/lang/Object;)Ljava/lang/Object; @ 13 c2
Event: 35.317 Thread 0x0000000068b497b0 Uncommon trap: reason=class_check action=maybe_recompile pc=0x000000001355ad00 method=jdk.internal.util.ReferencedKeyMap.existingKey(Ljdk/internal/util/ReferencedKeyMap;Ljava/lang/Object;)Ljava/lang/Object; @ 13 c2
Event: 35.317 Thread 0x0000000068b497b0 DEOPT PACKING pc=0x000000001355ad00 sp=0x000000006e6bcfc0
Event: 35.317 Thread 0x0000000068b497b0 DEOPT UNPACKING pc=0x0000000012e85f82 sp=0x000000006e6bcea0 mode 2
Event: 35.317 Thread 0x0000000068b47a70 DEOPT PACKING pc=0x000000001355ad00 sp=0x000000006e7bcfc0
Event: 35.317 Thread 0x0000000068b47a70 DEOPT UNPACKING pc=0x0000000012e85f82 sp=0x000000006e7bcea0 mode 2
Event: 35.318 Thread 0x0000000068b47a70 Uncommon trap: trap_request=0xffffff4d fr.pc=0x00000000133cf828 relative=0x0000000000000248
Event: 35.318 Thread 0x0000000068b47a70 Uncommon trap: reason=unstable_if action=reinterpret pc=0x00000000133cf828 method=java.util.concurrent.ConcurrentHashMap.addCount(JI)V @ 97 c2
Event: 35.318 Thread 0x0000000068b47a70 DEOPT PACKING pc=0x00000000133cf828 sp=0x000000006e7bd210
Event: 35.318 Thread 0x0000000068b47a70 DEOPT UNPACKING pc=0x0000000012e85f82 sp=0x000000006e7bd150 mode 2

Classes loaded (20 events):
Event: 33.297 Loading class com/sun/org/apache/xerces/internal/dom/AttributeMap
Event: 33.298 Loading class com/sun/org/apache/xerces/internal/dom/AttributeMap done
Event: 33.298 Loading class com/sun/org/apache/xerces/internal/dom/DeferredAttrImpl
Event: 33.298 Loading class com/sun/org/apache/xerces/internal/dom/AttrImpl
Event: 33.300 Loading class com/sun/org/apache/xerces/internal/dom/AttrImpl done
Event: 33.300 Loading class com/sun/org/apache/xerces/internal/dom/DeferredAttrImpl done
Event: 33.301 Loading class com/sun/org/apache/xerces/internal/dom/DeferredTextImpl
Event: 33.302 Loading class com/sun/org/apache/xerces/internal/dom/TextImpl
Event: 33.302 Loading class org/w3c/dom/CharacterData
Event: 33.302 Loading class org/w3c/dom/CharacterData done
Event: 33.302 Loading class org/w3c/dom/Text
Event: 33.302 Loading class org/w3c/dom/Text done
Event: 33.303 Loading class com/sun/org/apache/xerces/internal/dom/CharacterDataImpl
Event: 33.303 Loading class com/sun/org/apache/xerces/internal/dom/CharacterDataImpl done
Event: 33.303 Loading class com/sun/org/apache/xerces/internal/dom/TextImpl done
Event: 33.303 Loading class com/sun/org/apache/xerces/internal/dom/DeferredTextImpl done
Event: 33.303 Loading class com/sun/org/apache/xerces/internal/dom/CharacterDataImpl$1
Event: 33.303 Loading class com/sun/org/apache/xerces/internal/dom/CharacterDataImpl$1 done
Event: 33.469 Loading class org/w3c/dom/Comment
Event: 33.469 Loading class org/w3c/dom/Comment done

Classes unloaded (0 events):
No events

Classes redefined (0 events):
No events

Internal exceptions (20 events):
Event: 29.298 Thread 0x00000000208831c0 Exception <a 'java/lang/ClassNotFoundException'{0x000000008446bd18}: org/gradle/api/tasks/compile/JavaCompileBeanInfo> (0x000000008446bd18) 
thrown [s\open\src\hotspot\share\classfile\systemDictionary.cpp, line 327]
Event: 29.299 Thread 0x00000000208831c0 Exception <a 'java/lang/ClassNotFoundException'{0x0000000084479f20}: org/gradle/api/tasks/compile/AbstractCompileBeanInfo> (0x0000000084479f20) 
thrown [s\open\src\hotspot\share\classfile\systemDictionary.cpp, line 327]
Event: 29.300 Thread 0x00000000208831c0 Exception <a 'java/lang/ClassNotFoundException'{0x0000000084486798}: org/gradle/api/tasks/SourceTaskBeanInfo> (0x0000000084486798) 
thrown [s\open\src\hotspot\share\classfile\systemDictionary.cpp, line 327]
Event: 29.301 Thread 0x00000000208831c0 Exception <a 'java/lang/ClassNotFoundException'{0x0000000084492db0}: org/gradle/api/tasks/SourceTaskCustomizer> (0x0000000084492db0) 
thrown [s\open\src\hotspot\share\classfile\systemDictionary.cpp, line 327]
Event: 29.348 Thread 0x00000000208831c0 Exception <a 'java/lang/ClassNotFoundException'{0x00000000844c52c0}: org/gradle/api/tasks/compile/AbstractCompileCustomizer> (0x00000000844c52c0) 
thrown [s\open\src\hotspot\share\classfile\systemDictionary.cpp, line 327]
Event: 29.376 Thread 0x00000000208831c0 Exception <a 'java/lang/ClassNotFoundException'{0x00000000844e9da0}: org/gradle/api/tasks/compile/JavaCompileCustomizer> (0x00000000844e9da0) 
thrown [s\open\src\hotspot\share\classfile\systemDictionary.cpp, line 327]
Event: 29.389 Thread 0x00000000208831c0 Exception <a 'java/lang/ClassNotFoundException'{0x00000000843132d0}: org/gradle/api/tasks/compile/JavaCompile_DecoratedCustomizer> (0x00000000843132d0) 
thrown [s\open\src\hotspot\share\classfile\systemDictionary.cpp, line 327]
Event: 29.408 Thread 0x00000000208831c0 Exception <a 'java/lang/ClassNotFoundException'{0x0000000084389b90}: org/gradle/api/tasks/compile/CompileOptions_DecoratedBeanInfo> (0x0000000084389b90) 
thrown [s\open\src\hotspot\share\classfile\systemDictionary.cpp, line 327]
Event: 29.410 Thread 0x00000000208831c0 Exception <a 'java/lang/ClassNotFoundException'{0x0000000084397da0}: org/gradle/api/tasks/compile/CompileOptionsBeanInfo> (0x0000000084397da0) 
thrown [s\open\src\hotspot\share\classfile\systemDictionary.cpp, line 327]
Event: 29.411 Thread 0x00000000208831c0 Exception <a 'java/lang/ClassNotFoundException'{0x00000000843a5768}: org/gradle/api/tasks/compile/CompileOptionsCustomizer> (0x00000000843a5768) 
thrown [s\open\src\hotspot\share\classfile\systemDictionary.cpp, line 327]
Event: 29.415 Thread 0x00000000208831c0 Exception <a 'java/lang/ClassNotFoundException'{0x00000000843e2078}: org/gradle/api/tasks/compile/CompileOptions_DecoratedCustomizer> (0x00000000843e2078) 
thrown [s\open\src\hotspot\share\classfile\systemDictionary.cpp, line 327]
Event: 30.097 Thread 0x00000000208831c0 Exception <a 'java/lang/IncompatibleClassChangeError'{0x00000000854e35d8}: Found class java.lang.Object, but interface was expected> (0x00000000854e35d8) 
thrown [s\open\src\hotspot\share\interpreter\linkResolver.cpp, line 872]
Event: 30.147 Thread 0x00000000208831c0 Exception <a 'java/lang/NoSuchMethodError'{0x0000000085325478}: 'int java.lang.invoke.DirectMethodHandle$Holder.invokeSpecial(java.lang.Object, java.lang.Object, int, java.lang.Object)'> (0x0000000085325478) 
thrown [s\open\src\hotspot\share\interpreter\linkResolver.cpp, line 805]
Event: 30.348 Thread 0x000000006a8878b0 Exception <a 'java/lang/NoSuchMethodError'{0x0000000085066130}: 'java.lang.Object java.lang.invoke.DirectMethodHandle$Holder.newInvokeSpecial(java.lang.Object, java.lang.Object, int, java.lang.Object, java.lang.Object)'> (0x0000000085066130) 
thrown [s\open\src\hotspot\share\interpreter\linkResolver.cpp, line 805]
Event: 30.349 Thread 0x000000006a8878b0 Exception <a 'java/lang/NoSuchMethodError'{0x000000008506e998}: 'java.lang.Object java.lang.invoke.Invokers$Holder.linkToTargetMethod(java.lang.Object, int, java.lang.Object, java.lang.Object, java.lang.Object)'> (0x000000008506e998) 
thrown [s\open\src\hotspot\share\interpreter\linkResolver.cpp, line 805]
Event: 30.629 Thread 0x000000006a8878b0 Exception <a 'java/lang/NoSuchMethodError'{0x0000000084fd0ef0}: 'void java.lang.invoke.DirectMethodHandle$Holder.invokeSpecial(java.lang.Object, java.lang.Object, java.lang.Object, java.lang.Object, int, java.lang.Object, java.lang.Object)'> (0x0000000084fd0ef0) 
thrown [s\open\src\hotspot\share\interpreter\linkResolver.cpp, line 805]
Event: 32.419 Thread 0x000000006a8878b0 Exception <a 'java/lang/IncompatibleClassChangeError'{0x000000008488cbe0}: Found class java.lang.Object, but interface was expected> (0x000000008488cbe0) 
thrown [s\open\src\hotspot\share\interpreter\linkResolver.cpp, line 872]
Event: 32.435 Thread 0x000000006a8878b0 Exception <a 'java/lang/NoSuchMethodError'{0x00000000848a9910}: static Ljava/lang/Object;.<clinit>()V> (0x00000000848a9910) 
thrown [s\open\src\hotspot\share\prims\jni.cpp, line 1108]
Event: 34.151 Thread 0x000000006a8878b0 Exception <a 'java/lang/NoSuchMethodError'{0x0000000085a1f5c8}: 'int java.lang.invoke.DirectMethodHandle$Holder.invokeStaticInit(java.lang.Object, java.lang.Object, java.lang.Object, java.lang.Object, java.lang.Object)'> (0x0000000085a1f5c8) 
thrown [s\open\src\hotspot\share\interpreter\linkResolver.cpp, line 805]
Event: 34.310 Thread 0x000000006a8878b0 Implicit null exception at 0x0000000013790a54 to 0x0000000013790f50

VM Operations (20 events):
Event: 25.851 Executing VM operation: HandshakeAllThreads (Deoptimize)
Event: 25.871 Executing VM operation: HandshakeAllThreads (Deoptimize) done
Event: 29.142 Executing VM operation: HandshakeAllThreads (Deoptimize)
Event: 29.142 Executing VM operation: HandshakeAllThreads (Deoptimize) done
Event: 29.536 Executing VM operation: G1CollectForAllocation (G1 Evacuation Pause)
Event: 29.546 Executing VM operation: G1CollectForAllocation (G1 Evacuation Pause) done
Event: 30.650 Executing VM operation: HandshakeAllThreads (Deoptimize)
Event: 30.651 Executing VM operation: HandshakeAllThreads (Deoptimize) done
Event: 30.704 Executing VM operation: HandshakeAllThreads (Deoptimize)
Event: 30.705 Executing VM operation: HandshakeAllThreads (Deoptimize) done
Event: 32.120 Executing VM operation: HandshakeAllThreads (Deoptimize)
Event: 32.121 Executing VM operation: HandshakeAllThreads (Deoptimize) done
Event: 33.213 Executing VM operation: HandshakeAllThreads (Deoptimize)
Event: 33.213 Executing VM operation: HandshakeAllThreads (Deoptimize) done
Event: 33.310 Executing VM operation: G1CollectForAllocation (G1 Evacuation Pause)
Event: 33.322 Executing VM operation: G1CollectForAllocation (G1 Evacuation Pause) done
Event: 33.435 Executing VM operation: G1PauseRemark
Event: 33.450 Executing VM operation: G1PauseRemark done
Event: 33.484 Executing VM operation: G1PauseCleanup
Event: 33.484 Executing VM operation: G1PauseCleanup done

Memory protections (0 events):
No events

Nmethod flushes (20 events):
Event: 33.444 Thread 0x000000001d82b240 flushing  nmethod 0x000000000be6f208
Event: 33.447 Thread 0x000000001d82b240 flushing  nmethod 0x000000000be79488
Event: 33.447 Thread 0x000000001d82b240 flushing  nmethod 0x000000000bee9e88
Event: 33.447 Thread 0x000000001d82b240 flushing  nmethod 0x000000000beea188
Event: 33.447 Thread 0x000000001d82b240 flushing  nmethod 0x000000000beec088
Event: 33.447 Thread 0x000000001d82b240 flushing  nmethod 0x000000000beefe88
Event: 33.447 Thread 0x000000001d82b240 flushing  nmethod 0x000000000bef1208
Event: 33.447 Thread 0x000000001d82b240 flushing  nmethod 0x000000000c034508
Event: 33.447 Thread 0x000000001d82b240 flushing osr nmethod 0x000000000c038b08
Event: 33.447 Thread 0x000000001d82b240 flushing  nmethod 0x000000000c042a88
Event: 33.447 Thread 0x000000001d82b240 flushing  nmethod 0x000000000c042f88
Event: 33.447 Thread 0x000000001d82b240 flushing  nmethod 0x000000000c044488
Event: 33.447 Thread 0x000000001d82b240 flushing  nmethod 0x000000000c045408
Event: 33.447 Thread 0x000000001d82b240 flushing  nmethod 0x000000000c082788
Event: 33.447 Thread 0x000000001d82b240 flushing  nmethod 0x000000000c0bea88
Event: 33.447 Thread 0x000000001d82b240 flushing  nmethod 0x000000000c12f488
Event: 33.447 Thread 0x000000001d82b240 flushing  nmethod 0x000000000c132b88
Event: 33.447 Thread 0x000000001d82b240 flushing  nmethod 0x000000000c3cd008
Event: 33.447 Thread 0x000000001d82b240 flushing  nmethod 0x000000000c3ce708
Event: 33.447 Thread 0x000000001d82b240 flushing  nmethod 0x000000000c3cea88

Events (20 events):
Event: 29.272 Thread 0x000000001d91ef30 Thread added: 0x000000006ba6f7b0
Event: 30.319 Thread 0x00000000208831c0 Thread added: 0x000000006a8878b0
Event: 30.393 Thread 0x000000006a8878b0 Thread added: 0x000000006a880b00
Event: 30.393 Thread 0x000000006a8878b0 Thread added: 0x000000006a881250
Event: 30.393 Thread 0x000000006a8878b0 Thread added: 0x000000006a883e30
Event: 30.393 Thread 0x000000006a8878b0 Thread added: 0x000000006a884580
Event: 30.393 Thread 0x000000006a8878b0 Thread added: 0x000000006a885420
Event: 30.393 Thread 0x000000006a8878b0 Thread added: 0x000000006d54cbb0
Event: 30.393 Thread 0x000000006a8878b0 Thread added: 0x000000006d54d300
Event: 30.736 Thread 0x000000006a8878b0 Thread added: 0x000000006d54da50
Event: 31.696 Thread 0x000000006ba6f7b0 Thread exited: 0x000000006ba6f7b0
Event: 32.972 Thread 0x000000001d90fd20 Thread added: 0x000000002079e650
Event: 33.097 Thread 0x000000002079e650 Thread exited: 0x000000002079e650
Event: 33.100 Thread 0x000000006a8878b0 Thread added: 0x000000006d54e8f0
Event: 33.100 Thread 0x000000006a8878b0 Thread added: 0x000000006d54f040
Event: 33.968 Thread 0x000000001d91ef30 Thread added: 0x00000000208cde80
Event: 34.211 Thread 0x00000000208cde80 Thread exited: 0x00000000208cde80
Event: 35.051 Thread 0x000000006a8878b0 Thread added: 0x000000006d54e1a0
Event: 35.238 Thread 0x000000001d91ef30 Thread added: 0x00000000208cde80
Event: 35.249 Thread 0x000000001d91ef30 Thread added: 0x00000000209d01d0


Dynamic libraries:
0x00007ff65a960000 - 0x00007ff65a970000 	C:\Program Files\Java\jdk-24\bin\java.exe
0x00007ffedc4d0000 - 0x00007ffedc6e8000 	C:\WINDOWS\SYSTEM32\ntdll.dll
0x00007ffedbab0000 - 0x00007ffedbb74000 	C:\WINDOWS\System32\KERNEL32.DLL
0x00007ffed9870000 - 0x00007ffed9c43000 	C:\WINDOWS\System32\KERNELBASE.dll
0x00007ffe84030000 - 0x00007ffe840e7000 	d:\Trae CN\resources\app\modules\sandbox\x64\aiep_sbox.dll
0x00007ffeda050000 - 0x00007ffeda161000 	C:\WINDOWS\System32\ucrtbase.dll
0x00007ffebae10000 - 0x00007ffebae26000 	C:\Program Files\Java\jdk-24\bin\jli.dll
0x00007ffebadf0000 - 0x00007ffebae0b000 	C:\Program Files\Java\jdk-24\bin\VCRUNTIME140.dll
0x00007ffedbb90000 - 0x00007ffedbd42000 	C:\WINDOWS\System32\USER32.dll
0x00007ffeda020000 - 0x00007ffeda046000 	C:\WINDOWS\System32\win32u.dll
0x00007ffec3410000 - 0x00007ffec36ac000 	C:\WINDOWS\WinSxS\amd64_microsoft.windows.common-controls_6595b64144ccf1df_6.0.22621.6060_none_2712eda17382d24b\COMCTL32.dll
0x00007ffeda170000 - 0x00007ffeda199000 	C:\WINDOWS\System32\GDI32.dll
0x00007ffeda460000 - 0x00007ffeda507000 	C:\WINDOWS\System32\msvcrt.dll
0x00007ffed9e40000 - 0x00007ffed9f5b000 	C:\WINDOWS\System32\gdi32full.dll
0x00007ffed97d0000 - 0x00007ffed986a000 	C:\WINDOWS\System32\msvcp_win.dll
0x00007ffe844a0000 - 0x00007ffe84530000 	d:\Trae CN\resources\app\modules\sandbox\x64\aiep_ipc.dll
0x00007ffeda9e0000 - 0x00007ffedaa11000 	C:\WINDOWS\System32\IMM32.DLL
0x00007ffed6ee0000 - 0x00007ffed7113000 	C:\WINDOWS\SYSTEM32\dbghelp.dll
0x00007ffeda630000 - 0x00007ffeda9c1000 	C:\WINDOWS\System32\combase.dll
0x00007ffedc370000 - 0x00007ffedc488000 	C:\WINDOWS\System32\RPCRT4.dll
0x00007ffedab30000 - 0x00007ffedac08000 	C:\WINDOWS\System32\OLEAUT32.dll
0x00007ffeb3cc0000 - 0x00007ffeb3cf2000 	C:\WINDOWS\SYSTEM32\dbgcore.DLL
0x00007ffebadb0000 - 0x00007ffebadbc000 	C:\Program Files\Java\jdk-24\bin\vcruntime140_1.dll
0x00007ffe84570000 - 0x00007ffe845fe000 	C:\Program Files\Java\jdk-24\bin\msvcp140.dll
0x00007ffe33fc0000 - 0x00007ffe34d62000 	C:\Program Files\Java\jdk-24\bin\server\jvm.dll
0x00007ffedac10000 - 0x00007ffedacc1000 	C:\WINDOWS\System32\ADVAPI32.dll
0x00007ffeda1a0000 - 0x00007ffeda248000 	C:\WINDOWS\System32\sechost.dll
0x00007ffed97a0000 - 0x00007ffed97c8000 	C:\WINDOWS\System32\bcrypt.dll
0x00007ffedbe60000 - 0x00007ffedbed1000 	C:\WINDOWS\System32\WS2_32.dll
0x00007ffed8430000 - 0x00007ffed847d000 	C:\WINDOWS\SYSTEM32\POWRPROF.dll
0x00007ffed1040000 - 0x00007ffed1074000 	C:\WINDOWS\SYSTEM32\WINMM.dll
0x00007ffecf510000 - 0x00007ffecf51a000 	C:\WINDOWS\SYSTEM32\VERSION.dll
0x00007ffed8410000 - 0x00007ffed8423000 	C:\WINDOWS\SYSTEM32\UMPDC.dll
0x00007ffed86b0000 - 0x00007ffed86c8000 	C:\WINDOWS\SYSTEM32\kernel.appcore.dll
0x00007ffeb93a0000 - 0x00007ffeb93aa000 	C:\Program Files\Java\jdk-24\bin\jimage.dll
0x00007ffed9720000 - 0x00007ffed979b000 	C:\WINDOWS\System32\bcryptPrimitives.dll
0x00007ffed8120000 - 0x00007ffed8218000 	C:\WINDOWS\SYSTEM32\dnsapi.dll
0x00007ffed80b0000 - 0x00007ffed80dd000 	C:\WINDOWS\SYSTEM32\IPHLPAPI.DLL
0x00007ffeda9d0000 - 0x00007ffeda9d9000 	C:\WINDOWS\System32\NSI.dll
0x00007ffec3c60000 - 0x00007ffec3c6f000 	C:\Program Files\Java\jdk-24\bin\instrument.dll
0x00007ffeacd80000 - 0x00007ffeacd9e000 	C:\Program Files\Java\jdk-24\bin\java.dll
0x00007ffedb620000 - 0x00007ffedb7c1000 	C:\WINDOWS\System32\ole32.dll
0x00007ffedad80000 - 0x00007ffedb61c000 	C:\WINDOWS\System32\SHELL32.dll
0x00007ffed95e0000 - 0x00007ffed971f000 	C:\WINDOWS\System32\wintypes.dll
0x00007ffed74c0000 - 0x00007ffed7dda000 	C:\WINDOWS\SYSTEM32\windows.storage.dll
0x00007ffedaa20000 - 0x00007ffedab24000 	C:\WINDOWS\System32\SHCORE.dll
0x00007ffeda5a0000 - 0x00007ffeda609000 	C:\WINDOWS\System32\shlwapi.dll
0x00007ffed9510000 - 0x00007ffed9535000 	C:\WINDOWS\SYSTEM32\profapi.dll
0x00007ffe6ff40000 - 0x00007ffe70017000 	C:\Program Files\Java\jdk-24\bin\jsvml.dll
0x00007ffeaac00000 - 0x00007ffeaac17000 	C:\Program Files\Java\jdk-24\bin\zip.dll
0x00007ffeb92d0000 - 0x00007ffeb92e0000 	C:\Program Files\Java\jdk-24\bin\net.dll
0x00007ffed8b90000 - 0x00007ffed8bf9000 	C:\WINDOWS\system32\mswsock.dll
0x00007ffeacd30000 - 0x00007ffeacd46000 	C:\Program Files\Java\jdk-24\bin\nio.dll
0x00007ffead360000 - 0x00007ffead370000 	C:\Program Files\Java\jdk-24\bin\verify.dll
0x00007ffeaf590000 - 0x00007ffeaf5b7000 	C:\Users\DELL\.gradle\native\660c5614fbf4a5f2a75b1949f50a0caf5cd603558e7d8a26e50b933a0cfb79d1\windows-amd64\native-platform.dll
0x00007ffe81eb0000 - 0x00007ffe81f27000 	C:\Users\DELL\.gradle\native\0.2.8\x86_64-windows-gnu\gradle-fileevents.dll
0x00007ffeaf5c0000 - 0x00007ffeaf5ca000 	C:\Program Files\Java\jdk-24\bin\management.dll
0x00007ffeaf580000 - 0x00007ffeaf58b000 	C:\Program Files\Java\jdk-24\bin\management_ext.dll
0x00007ffedc360000 - 0x00007ffedc368000 	C:\WINDOWS\System32\PSAPI.DLL
0x00007ffeb0190000 - 0x00007ffeb0199000 	C:\Program Files\Java\jdk-24\bin\extnet.dll
0x00007ffed8de0000 - 0x00007ffed8dfb000 	C:\WINDOWS\SYSTEM32\CRYPTSP.dll
0x00007ffed8610000 - 0x00007ffed8647000 	C:\WINDOWS\system32\rsaenh.dll
0x00007ffed8c80000 - 0x00007ffed8ca8000 	C:\WINDOWS\SYSTEM32\USERENV.dll
0x00007ffed8e00000 - 0x00007ffed8e0c000 	C:\WINDOWS\SYSTEM32\CRYPTBASE.dll
0x00007ffeb8780000 - 0x00007ffeb878e000 	C:\Program Files\Java\jdk-24\bin\sunmscapi.dll
0x00007ffed9c50000 - 0x00007ffed9db8000 	C:\WINDOWS\System32\CRYPT32.dll
0x00007ffed8fa0000 - 0x00007ffed8fce000 	C:\WINDOWS\SYSTEM32\ncrypt.dll
0x00007ffed8f60000 - 0x00007ffed8f97000 	C:\WINDOWS\SYSTEM32\NTASN1.dll
0x00007ffebabc0000 - 0x00007ffebabc8000 	C:\WINDOWS\system32\wshunix.dll

JVMTI agents:
C:\Users\DELL\.gradle\wrapper\dists\gradle-9.6.1-bin\e7oowege92hgijfgcczuxmn2p\gradle-9.6.1\lib\agents\gradle-instrumentation-agent-9.6.1.jar path:C:\Program Files\Java\jdk-24\bin\instrument.dll, loaded, initialized, instrumentlib options:none

dbghelp: loaded successfully - version: 4.0.5 - missing functions: none
symbol engine: initialized successfully - sym options: 0x614 - pdb path: .;C:\Program Files\Java\jdk-24\bin;C:\WINDOWS\SYSTEM32;d:\Trae CN\resources\app\modules\sandbox\x64;C:\WINDOWS\WinSxS\amd64_microsoft.windows.common-controls_6595b64144ccf1df_6.0.22621.6060_none_2712eda17382d24b;C:\Program Files\Java\jdk-24\bin\server;C:\Users\DELL\.gradle\native\660c5614fbf4a5f2a75b1949f50a0caf5cd603558e7d8a26e50b933a0cfb79d1\windows-amd64;C:\Users\DELL\.gradle\native\0.2.8\x86_64-windows-gnu

VM Arguments:
jvm_args: --add-opens=java.base/java.lang=ALL-UNNAMED --add-opens=java.base/java.lang.invoke=ALL-UNNAMED --add-opens=java.base/java.util=ALL-UNNAMED --add-opens=java.prefs/java.util.prefs=ALL-UNNAMED --add-exports=jdk.compiler/com.sun.tools.javac.api=ALL-UNNAMED --add-exports=jdk.compiler/com.sun.tools.javac.util=ALL-UNNAMED --add-opens=java.base/java.nio.charset=ALL-UNNAMED --add-opens=java.base/java.net=ALL-UNNAMED --add-opens=java.base/java.util.concurrent=ALL-UNNAMED --add-opens=java.base/java.util.concurrent.atomic=ALL-UNNAMED --add-opens=java.xml/javax.xml.namespace=ALL-UNNAMED --add-opens=java.base/java.time=ALL-UNNAMED --enable-native-access=ALL-UNNAMED -Xmx2G -Dfile.encoding=UTF-8 -Duser.country=CN -Duser.language=zh -Duser.variant -javaagent:C:\Users\DELL\.gradle\wrapper\dists\gradle-9.6.1-bin\e7oowege92hgijfgcczuxmn2p\gradle-9.6.1\lib\agents\gradle-instrumentation-agent-9.6.1.jar 
java_command: org.gradle.launcher.daemon.bootstrap.GradleDaemon 9.6.1
java_class_path (initial): C:\Users\DELL\.gradle\wrapper\dists\gradle-9.6.1-bin\e7oowege92hgijfgcczuxmn2p\gradle-9.6.1\lib\gradle-daemon-main-9.6.1.jar
Launcher Type: SUN_STANDARD

[Global flags]
     intx CICompilerCount                          = 4                                         {product} {ergonomic}
     uint ConcGCThreads                            = 2                                         {product} {ergonomic}
     uint G1ConcRefinementThreads                  = 8                                         {product} {ergonomic}
   size_t G1HeapRegionSize                         = 1048576                                   {product} {ergonomic}
   size_t InitialHeapSize                          = 132120576                                 {product} {ergonomic}
   size_t MarkStackSize                            = 4194304                                   {product} {ergonomic}
   size_t MarkStackSizeMax                         = 536870912                                 {product} {ergonomic}
   size_t MaxHeapSize                              = 2147483648                                {product} {command line}
   size_t MaxNewSize                               = 1287651328                                {product} {ergonomic}
   size_t MinHeapDeltaBytes                        = 1048576                                   {product} {ergonomic}
   size_t MinHeapSize                              = 8388608                                   {product} {ergonomic}
    uintx NonNMethodCodeHeapSize                   = 5832704                                {pd product} {ergonomic}
    uintx NonProfiledCodeHeapSize                  = 122945536                              {pd product} {ergonomic}
    uintx ProfiledCodeHeapSize                     = 122880000                              {pd product} {ergonomic}
    uintx ReservedCodeCacheSize                    = 251658240                              {pd product} {ergonomic}
     bool SegmentedCodeCache                       = true                                      {product} {ergonomic}
   size_t SoftMaxHeapSize                          = 2147483648                             {manageable} {ergonomic}
     bool UseCompressedOops                        = true                           {product lp64_product} {ergonomic}
     bool UseG1GC                                  = true                                      {product} {ergonomic}
     bool UseLargePagesIndividualAllocation        = false                                  {pd product} {ergonomic}

Logging:
Log output configuration:
 #0: stdout all=warning uptime,level,tags foldmultilines=false
 #1: stderr all=off uptime,level,tags foldmultilines=false

Environment Variables:
JAVA_HOME=C:\Program Files\Java\jdk-24
PATH=d:\Trae CN\resources\app\modules\ai-agent\bin;c:\Users\DELL\.trae-cn\extensions\vadimcn.vscode-lldb-1.12.2\bin;C:\Program Files\Java\jdk-24\bin;C:\Users\DELL\.trae-cn\tools\maven\latest\bin;C:\Users\DELL\.trae-cn\tools\gradle\latest\bin;C:\Program Files\Common Files\Oracle\Java\javapath;C:\Program Files (x86)\Intel\iCLS Client\;C:\Program Files\Intel\iCLS Client\;C:\WINDOWS\system32;C:\WINDOWS;C:\WINDOWS\System32\Wbem;C:\WINDOWS\System32\WindowsPowerShell\v1.0\;C:\Program Files (x86)\Intel\Intel(R) Management Engine Components\DAL;C:\Program Files\Intel\Intel(R) Management Engine Components\DAL;C:\Program Files (x86)\Intel\Intel(R) Management Engine Components\IPT;C:\Program Files\Intel\Intel(R) Management Engine Components\IPT;C:\WINDOWS\System32\OpenSSH\;C:\Program Files\Intel\WiFi\bin\;C:\Program Files\Common Files\Intel\WirelessCommon\;C:\Program Files\dotnet\;D:\[;C:\mingw-w64-gcc-14.3-stable-r43\bin;C:\gradle-8.6\bin;D:\Program Files\Git\cmd;D:\java\gradle-9.3.0\bin;D:\java\gradle-8.6\bin;D:\Program Files\nodejs\;D:\����\platform-tools;C:\windows\Microsoft.NET\Framework64\v4.0.30319;C:\Program Files\GitHub CLI\;C:\Users\DELL\AppData\Local\Microsoft\WindowsApps;C:\Users\DELL\.dotnet\tools;C:\Users\DELL\AppData\Roaming\npm;D:\JetBrains\IntelliJ IDEA Community Edition 2025.2.6.3\bin;c:\Users\DELL\.trae-cn\extensions\vscjava.vscode-java-debug-0.59.0-universal\bundled\scripts\noConfigScripts;C:\Program Files\Common Files\Oracle\Java\javapath;C:\Program Files (x86)\Intel\iCLS Client\;C:\Program Files\Intel\iCLS Client\;C:\WINDOWS\system32;C:\WINDOWS;C:\WINDOWS\System32\Wbem;C:\WINDOWS\System32\WindowsPowerShell\v1.0\;C:\Program Files (x86)\Intel\Intel(R) Management Engine Components\DAL;C:\Program Files\Intel\Intel(R) Management Engine Components\DAL;C:\Program Files (x86)\Intel\Intel(R) Management Engine Components\IPT;C:\Program Files\Intel\Intel(R) Management Engine Components\IPT;C:\WINDOWS\System32\OpenSSH\;C:\Program Files\Intel\WiFi\bin\;C:\Program Files\Common Files\Intel\WirelessCommon\;C:\Program Files\dotnet\;D:\[;C:\mingw-w64-gcc-14.3-stable-r43\bin;C:\gradle-8.6\bin;D:\Program Files\Git\cmd;D:\java\gradle-9.3.0\bin;D:\java\gradle-8.6\bin;D:\Program Files\nodejs\;D:\����\platform-tools;C:\windows\Microsoft.NET\Framework64\v4.0.30319;C:\Program Files\GitHub CLI\;C:\Users\DELL\AppData\Local\Microsoft\WindowsApps;C:\Users\DELL\.dotnet\tools;C:\Users\DELL\AppData\Roaming\npm;D:\JetBrains\IntelliJ IDEA Community Edition 2025.2.6.3\bin;d:\Trae CN\resources\app\bin\lib;d:\Trae CN\resources\app\node_modules\@vscode\ripgrep\bin
USERNAME=DELL
LANG=zh_CN.UTF-8
TERM=dumb
OS=Windows_NT
PROCESSOR_IDENTIFIER=Intel64 Family 6 Model 142 Stepping 10, GenuineIntel
TMP=C:\Users\DELL\AppData\Local\Temp
TEMP=C:\Users\DELL\AppData\Local\Temp




Periodic native trim disabled

---------------  S Y S T E M  ---------------

OS:
 Windows 11 , 64 bit Build 22621 (10.0.22621.5415)
OS uptime: 0 days 5:54 hours

CPU: total 8 (initial active 8) (4 cores per cpu, 2 threads per core) family 6 model 142 stepping 10 microcode 0xe0, cx8, cmov, fxsr, ht, mmx, 3dnowpref, sse, sse2, sse3, ssse3, sse4.1, sse4.2, popcnt, lzcnt, tsc, tscinvbit, avx, avx2, aes, erms, clmul, bmi1, bmi2, adx, fma, vzeroupper, clflush, clflushopt, rdtscp, f16c
Processor Information for the first 8 processors :
  Max Mhz: 1800, Current Mhz: 1600, Mhz Limit: 1584

Memory: 4k page, system-wide physical 8026M (1316M free)
TotalPageFile size 23025M (AvailPageFile size 2M)
current process WorkingSet (physical memory assigned to process): 222M, peak: 258M
current process commit charge ("private bytes"): 356M, peak: 408M

vm_info: Java HotSpot(TM) 64-Bit Server VM (24.0.1+9-30) for windows-amd64 JRE (24.0.1+9-30), built on 2025-03-05T07:23:45Z with MS VC++ 17.6 (VS2022)

END.
