#
# There is insufficient memory for the Java Runtime Environment to continue.
# Native memory allocation (mmap) failed to map 67108864 bytes. Error detail: G1 virtual space
# Possible reasons:
#   The system is out of physical RAM or swap space
#   This process is running with CompressedOops enabled, and the Java Heap may be blocking the growth of the native heap
# Possible solutions:
#   Reduce memory load on the system
#   Increase physical memory or swap space
#   Check if swap backing store is full
#   Decrease Java heap size (-Xmx/-Xms)
#   Decrease number of Java threads
#   Decrease Java thread stack sizes (-Xss)
#   Set larger code cache with -XX:ReservedCodeCacheSize=
#   JVM is running with Unscaled Compressed Oops mode in which the Java heap is
#     placed in the first 4GB address space. The Java Heap base address is the
#     maximum limit for the native heap growth. Please use -XX:HeapBaseMinAddress
#     to set the Java Heap base and to place the Java Heap above 4GB virtual address.
# This output file may be truncated or incomplete.
#
#  Out of Memory Error (os_windows.cpp:3564), pid=16000, tid=23336
#
# JRE version:  (24.0.1+9) (build )
# Java VM: Java HotSpot(TM) 64-Bit Server VM (24.0.1+9-30, mixed mode, sharing, tiered, compressed oops, compressed class ptrs, g1 gc, windows-amd64)
# No core dump will be written. Minidumps are not enabled by default on client versions of Windows
#

---------------  S U M M A R Y ------------

Command Line: -Xmx64m -Xms64m -Dorg.gradle.appname=gradlew D:\文件\Dev-WiFIGhost\meteor plugin\LBLT-Meteor-Addon\\gradle\wrapper\gradle-wrapper.jar build

Host: Intel(R) Core(TM) i5-8250U CPU @ 1.60GHz, 8 cores, 7G,  Windows 11 , 64 bit Build 22621 (10.0.22621.5415)
Time: Fri Aug 14 17:18:26 2026  Windows 11 , 64 bit Build 22621 (10.0.22621.5415) elapsed time: 0.095107 seconds (0d 0h 0m 0s)

---------------  T H R E A D  ---------------

Current thread (0x000000000301de50):  JavaThread "Unknown thread" [_thread_in_vm, id=23336, stack(0x0000000002600000,0x0000000002700000) (1024K)]

Stack: [0x0000000002600000,0x0000000002700000]
Native frames: (J=compiled Java code, j=interpreted, Vv=VM code, C=native code)
V  [jvm.dll+0x730739]  (no source info available)
V  [jvm.dll+0x8d9b23]  (no source info available)
V  [jvm.dll+0x8dc00d]  (no source info available)
V  [jvm.dll+0x8dc683]  (no source info available)
V  [jvm.dll+0x2aa086]  (no source info available)
V  [jvm.dll+0x72cc65]  (no source info available)
V  [jvm.dll+0x72059a]  (no source info available)
V  [jvm.dll+0x390cea]  (no source info available)
V  [jvm.dll+0x3989f6]  (no source info available)
V  [jvm.dll+0x38523e]  (no source info available)
V  [jvm.dll+0x3854f8]  (no source info available)
V  [jvm.dll+0x35d0cc]  (no source info available)
V  [jvm.dll+0x35dd8d]  (no source info available)
V  [jvm.dll+0x89d28f]  (no source info available)
V  [jvm.dll+0x3f985d]  (no source info available)
V  [jvm.dll+0x8858e6]  (no source info available)
V  [jvm.dll+0x495f3e]  (no source info available)
V  [jvm.dll+0x497d11]  (no source info available)
C  [jli.dll+0x52a1]  (no source info available)
C  [ucrtbase.dll+0x29333]  (no source info available)
C  [KERNEL32.DLL+0x1259d]  (no source info available)
C  [ntdll.dll+0x5af78]  (no source info available)

Lock stack of current Java thread (top to bottom):


---------------  P R O C E S S  ---------------

Threads class SMR info:
_java_thread_list=0x00007ffe34bff318, length=0, elements={
}

Java Threads: ( => current thread )
Total: 0

Other Threads:
  0x000000000303c4a0 WorkerThread "GC Thread#0"                     [id=13052, stack(0x000000001afb0000,0x000000001b0b0000) (1024K)]
  0x000000000303f300 ConcurrentGCThread "G1 Main Marker"            [id=5324, stack(0x000000001b0b0000,0x000000001b1b0000) (1024K)]
  0x000000000303fe10 WorkerThread "G1 Conc#0"                       [id=23368, stack(0x000000001b1b0000,0x000000001b2b0000) (1024K)]

[error occurred during error reporting (printing all threads), id 0xc0000005, EXCEPTION_ACCESS_VIOLATION (0xc0000005) at pc=0x00007ffe343314ea]
VM state: not at safepoint (not fully initialized)

VM Mutex/Monitor currently owned by a thread:  ([mutex/lock_event])
[0x00007ffe34c845b0] Heap_lock - owner thread: 0x000000000301de50

Heap address: 0x00000000fc000000, size: 64 MB, Compressed Oops mode: 32-bit

CDS archive(s) mapped at: [0x0000000000000000-0x0000000000000000-0x0000000000000000), size 0, SharedBaseAddress: 0x0000000800000000, ArchiveRelocationMode: 1.
UseCompressedClassPointers 1, UseCompactObjectHeaders 0
Narrow klass pointer bits 32, Max shift 3
Narrow klass base: 0xffffffffffffffff, Narrow klass shift: -1
Encoding Range: [0xffffffffffffffff - 0x000000007fffffff), (2147483648 bytes)
Klass Range:    [0x0000000000000000 - 0x0000000000000000), (0 bytes)
Klass ID Range:  [4294967295 - 0) (1)

GC Precious Log:
 CardTable entry size: 512
 Card Set container configuration: InlinePtr #cards 5 size 8 Array Of Cards #cards 10 size 36 Howl #buckets 4 coarsen threshold 1843 Howl Bitmap #cards 512 size 80 coarsen threshold 460 Card regions per heap region 1 cards per card region 2048

Heap:
 garbage-first heap   total reserved 65536K, committed 0K, used 0K [0x00000000fc000000, 0x0000000100000000)
  region size 1024K, 0 young (0K), 0 survivors (0K)

[error occurred during error reporting (printing heap information), id 0xc0000005, EXCEPTION_ACCESS_VIOLATION (0xc0000005) at pc=0x00007ffe3474e3e9]
GC Heap History (0 events):
No events

Dll operation events (1 events):
Event: 0.042 Loaded shared library C:\Program Files\Java\jdk-24\bin\java.dll

Deoptimization events (0 events):
No events

Classes loaded (0 events):
No events

Classes unloaded (0 events):
No events

Classes redefined (0 events):
No events

Internal exceptions (0 events):
No events

VM Operations (0 events):
No events

Memory protections (0 events):
No events

Nmethod flushes (0 events):
No events

Events (0 events):
No events


Dynamic libraries:
0x00007ff65a960000 - 0x00007ff65a970000 	C:\Program Files\Java\jdk-24\bin\java.exe
0x00007ffedc4d0000 - 0x00007ffedc6e8000 	C:\WINDOWS\SYSTEM32\ntdll.dll
0x00007ffedbab0000 - 0x00007ffedbb74000 	C:\WINDOWS\System32\KERNEL32.DLL
0x00007ffed9870000 - 0x00007ffed9c43000 	C:\WINDOWS\System32\KERNELBASE.dll
0x00007ffe84030000 - 0x00007ffe840e7000 	d:\Trae CN\resources\app\modules\sandbox\x64\aiep_sbox.dll
0x00007ffeda050000 - 0x00007ffeda161000 	C:\WINDOWS\System32\ucrtbase.dll
0x00007ffebadf0000 - 0x00007ffebae0b000 	C:\Program Files\Java\jdk-24\bin\VCRUNTIME140.dll
0x00007ffebae10000 - 0x00007ffebae26000 	C:\Program Files\Java\jdk-24\bin\jli.dll
0x00007ffedbb90000 - 0x00007ffedbd42000 	C:\WINDOWS\System32\USER32.dll
0x00007ffeda020000 - 0x00007ffeda046000 	C:\WINDOWS\System32\win32u.dll
0x00007ffec3410000 - 0x00007ffec36ac000 	C:\WINDOWS\WinSxS\amd64_microsoft.windows.common-controls_6595b64144ccf1df_6.0.22621.6060_none_2712eda17382d24b\COMCTL32.dll
0x00007ffeda170000 - 0x00007ffeda199000 	C:\WINDOWS\System32\GDI32.dll
0x00007ffeda460000 - 0x00007ffeda507000 	C:\WINDOWS\System32\msvcrt.dll
0x00007ffed9e40000 - 0x00007ffed9f5b000 	C:\WINDOWS\System32\gdi32full.dll
0x00007ffed97d0000 - 0x00007ffed986a000 	C:\WINDOWS\System32\msvcp_win.dll
0x00007ffe844a0000 - 0x00007ffe84530000 	d:\Trae CN\resources\app\modules\sandbox\x64\aiep_ipc.dll
0x00007ffeda9e0000 - 0x00007ffedaa11000 	C:\WINDOWS\System32\IMM32.DLL
0x00007ffed6ee0000 - 0x00007ffed7113000 	C:\WINDOWS\SYSTEM32\dbghelp.dll
0x00007ffeda630000 - 0x00007ffeda9c1000 	C:\WINDOWS\System32\combase.dll
0x00007ffedc370000 - 0x00007ffedc488000 	C:\WINDOWS\System32\RPCRT4.dll
0x00007ffedab30000 - 0x00007ffedac08000 	C:\WINDOWS\System32\OLEAUT32.dll
0x00007ffebadb0000 - 0x00007ffebadbc000 	C:\Program Files\Java\jdk-24\bin\vcruntime140_1.dll
0x00007ffeb3cc0000 - 0x00007ffeb3cf2000 	C:\WINDOWS\SYSTEM32\dbgcore.DLL
0x00007ffe84570000 - 0x00007ffe845fe000 	C:\Program Files\Java\jdk-24\bin\msvcp140.dll
0x00007ffe33fc0000 - 0x00007ffe34d62000 	C:\Program Files\Java\jdk-24\bin\server\jvm.dll
0x00007ffedac10000 - 0x00007ffedacc1000 	C:\WINDOWS\System32\ADVAPI32.dll
0x00007ffeda1a0000 - 0x00007ffeda248000 	C:\WINDOWS\System32\sechost.dll
0x00007ffed97a0000 - 0x00007ffed97c8000 	C:\WINDOWS\System32\bcrypt.dll
0x00007ffedbe60000 - 0x00007ffedbed1000 	C:\WINDOWS\System32\WS2_32.dll
0x00007ffed8430000 - 0x00007ffed847d000 	C:\WINDOWS\SYSTEM32\POWRPROF.dll
0x00007ffed1040000 - 0x00007ffed1074000 	C:\WINDOWS\SYSTEM32\WINMM.dll
0x00007ffecf510000 - 0x00007ffecf51a000 	C:\WINDOWS\SYSTEM32\VERSION.dll
0x00007ffed8410000 - 0x00007ffed8423000 	C:\WINDOWS\SYSTEM32\UMPDC.dll
0x00007ffed86b0000 - 0x00007ffed86c8000 	C:\WINDOWS\SYSTEM32\kernel.appcore.dll
0x00007ffeb93a0000 - 0x00007ffeb93aa000 	C:\Program Files\Java\jdk-24\bin\jimage.dll
0x00007ffed9720000 - 0x00007ffed979b000 	C:\WINDOWS\System32\bcryptPrimitives.dll
0x00007ffed8120000 - 0x00007ffed8218000 	C:\WINDOWS\SYSTEM32\dnsapi.dll
0x00007ffed80b0000 - 0x00007ffed80dd000 	C:\WINDOWS\SYSTEM32\IPHLPAPI.DLL
0x00007ffeda9d0000 - 0x00007ffeda9d9000 	C:\WINDOWS\System32\NSI.dll
0x00007ffeacd80000 - 0x00007ffeacd9e000 	C:\Program Files\Java\jdk-24\bin\java.dll
0x00007ffedb620000 - 0x00007ffedb7c1000 	C:\WINDOWS\System32\ole32.dll
0x00007ffedad80000 - 0x00007ffedb61c000 	C:\WINDOWS\System32\SHELL32.dll
0x00007ffed95e0000 - 0x00007ffed971f000 	C:\WINDOWS\System32\wintypes.dll

JVMTI agents: none

dbghelp: loaded successfully - version: 4.0.5 - missing functions: none
symbol engine: initialized successfully - sym options: 0x614 - pdb path: .;C:\Program Files\Java\jdk-24\bin;C:\WINDOWS\SYSTEM32;d:\Trae CN\resources\app\modules\sandbox\x64;C:\WINDOWS\WinSxS\amd64_microsoft.windows.common-controls_6595b64144ccf1df_6.0.22621.6060_none_2712eda17382d24b;C:\Program Files\Java\jdk-24\bin\server

VM Arguments:
jvm_args: -Xmx64m -Xms64m -Dorg.gradle.appname=gradlew 
java_command: D:\文件\Dev-WiFIGhost\meteor plugin\LBLT-Meteor-Addon\\gradle\wrapper\gradle-wrapper.jar build
java_class_path (initial): D:\文件\Dev-WiFIGhost\meteor plugin\LBLT-Meteor-Addon\\gradle\wrapper\gradle-wrapper.jar
Launcher Type: SUN_STANDARD

[Global flags]
     intx CICompilerCount                          = 4                                         {product} {ergonomic}
     uint ConcGCThreads                            = 2                                         {product} {ergonomic}
     uint G1ConcRefinementThreads                  = 8                                         {product} {ergonomic}
   size_t G1HeapRegionSize                         = 1048576                                   {product} {ergonomic}
   size_t InitialHeapSize                          = 67108864                                  {product} {command line}
   size_t MarkStackSize                            = 4194304                                   {product} {ergonomic}
   size_t MarkStackSizeMax                         = 536870912                                 {product} {ergonomic}
   size_t MaxHeapSize                              = 67108864                                  {product} {command line}
   size_t MinHeapDeltaBytes                        = 1048576                                   {product} {ergonomic}
   size_t MinHeapSize                              = 67108864                                  {product} {command line}
    uintx NonNMethodCodeHeapSize                   = 5832704                                {pd product} {ergonomic}
    uintx NonProfiledCodeHeapSize                  = 122945536                              {pd product} {ergonomic}
    uintx ProfiledCodeHeapSize                     = 122880000                              {pd product} {ergonomic}
    uintx ReservedCodeCacheSize                    = 251658240                              {pd product} {ergonomic}
     bool SegmentedCodeCache                       = true                                      {product} {ergonomic}
   size_t SoftMaxHeapSize                          = 67108864                               {manageable} {ergonomic}
     bool UseCompressedOops                        = true                           {product lp64_product} {ergonomic}
     bool UseG1GC                                  = true                                      {product} {ergonomic}
     bool UseLargePagesIndividualAllocation        = false                                  {pd product} {ergonomic}

Logging:
Log output configuration:
 #0: stdout all=warning uptime,level,tags foldmultilines=false
 #1: stderr all=off uptime,level,tags foldmultilines=false

Environment Variables:
JAVA_HOME=C:\Program Files\Java\jdk-24
PATH=d:\Trae CN\resources\app\modules\ai-agent\bin;c:\Users\DELL\.trae-cn\extensions\vadimcn.vscode-lldb-1.12.2\bin;C:\Program Files\Java\jdk-24\bin;C:\Users\DELL\.trae-cn\tools\maven\latest\bin;C:\Users\DELL\.trae-cn\tools\gradle\latest\bin;C:\Program Files\Common Files\Oracle\Java\javapath;C:\Program Files (x86)\Intel\iCLS Client\;C:\Program Files\Intel\iCLS Client\;C:\WINDOWS\system32;C:\WINDOWS;C:\WINDOWS\System32\Wbem;C:\WINDOWS\System32\WindowsPowerShell\v1.0\;C:\Program Files (x86)\Intel\Intel(R) Management Engine Components\DAL;C:\Program Files\Intel\Intel(R) Management Engine Components\DAL;C:\Program Files (x86)\Intel\Intel(R) Management Engine Components\IPT;C:\Program Files\Intel\Intel(R) Management Engine Components\IPT;C:\WINDOWS\System32\OpenSSH\;C:\Program Files\Intel\WiFi\bin\;C:\Program Files\Common Files\Intel\WirelessCommon\;C:\Program Files\dotnet\;D:\[;C:\mingw-w64-gcc-14.3-stable-r43\bin;C:\gradle-8.6\bin;D:\Program Files\Git\cmd;D:\java\gradle-9.3.0\bin;D:\java\gradle-8.6\bin;D:\Program Files\nodejs\;D:\工具\platform-tools;C:\windows\Microsoft.NET\Framework64\v4.0.30319;C:\Program Files\GitHub CLI\;C:\Users\DELL\AppData\Local\Microsoft\WindowsApps;C:\Users\DELL\.dotnet\tools;C:\Users\DELL\AppData\Roaming\npm;D:\JetBrains\IntelliJ IDEA Community Edition 2025.2.6.3\bin;c:\Users\DELL\.trae-cn\extensions\vscjava.vscode-java-debug-0.59.0-universal\bundled\scripts\noConfigScripts;C:\Program Files\Common Files\Oracle\Java\javapath;C:\Program Files (x86)\Intel\iCLS Client\;C:\Program Files\Intel\iCLS Client\;C:\WINDOWS\system32;C:\WINDOWS;C:\WINDOWS\System32\Wbem;C:\WINDOWS\System32\WindowsPowerShell\v1.0\;C:\Program Files (x86)\Intel\Intel(R) Management Engine Components\DAL;C:\Program Files\Intel\Intel(R) Management Engine Components\DAL;C:\Program Files (x86)\Intel\Intel(R) Management Engine Components\IPT;C:\Program Files\Intel\Intel(R) Management Engine Components\IPT;C:\WINDOWS\System32\OpenSSH\;C:\Program Files\Intel\WiFi\bin\;C:\Program Files\Common Files\Intel\WirelessCommon\;C:\Program Files\dotnet\;D:\[;C:\mingw-w64-gcc-14.3-stable-r43\bin;C:\gradle-8.6\bin;D:\Program Files\Git\cmd;D:\java\gradle-9.3.0\bin;D:\java\gradle-8.6\bin;D:\Program Files\nodejs\;D:\锟斤拷锟斤拷\platform-tools;C:\windows\Microsoft.NET\Framework64\v4.0.30319;C:\Program Files\GitHub CLI\;C:\Users\DELL\AppData\Local\Microsoft\WindowsApps;C:\Users\DELL\.dotnet\tools;C:\Users\DELL\AppData\Roaming\npm;D:\JetBrains\IntelliJ IDEA Community Edition 2025.2.6.3\bin;d:\Trae CN\resources\app\bin\lib;d:\Trae CN\resources\app\node_modules\@vscode\ripgrep\bin
USERNAME=DELL
LANG=zh_CN.UTF-8
TERM=dumb
OS=Windows_NT
PROCESSOR_IDENTIFIER=Intel64 Family 6 Model 142 Stepping 10, GenuineIntel
TMP=C:\Users\DELL\AppData\Local\Temp
TEMP=C:\Users\DELL\AppData\Local\Temp




Periodic native trim disabled

---------------  S Y S T E M  ---------------

OS:
 Windows 11 , 64 bit Build 22621 (10.0.22621.5415)
OS uptime: 0 days 5:53 hours

CPU: total 8 (initial active 8) (4 cores per cpu, 2 threads per core) family 6 model 142 stepping 10 microcode 0xe0, cx8, cmov, fxsr, ht, mmx, 3dnowpref, sse, sse2, sse3, ssse3, sse4.1, sse4.2, popcnt, lzcnt, tsc, tscinvbit, avx, avx2, aes, erms, clmul, bmi1, bmi2, adx, fma, vzeroupper, clflush, clflushopt, rdtscp, f16c
Processor Information for the first 8 processors :
  Max Mhz: 1800, Current Mhz: 1600, Mhz Limit: 1584

Memory: 4k page, system-wide physical 8026M (1556M free)
TotalPageFile size 23025M (AvailPageFile size 230M)
current process WorkingSet (physical memory assigned to process): 14M, peak: 14M
current process commit charge ("private bytes"): 61M, peak: 124M

vm_info: Java HotSpot(TM) 64-Bit Server VM (24.0.1+9-30) for windows-amd64 JRE (24.0.1+9-30), built on 2025-03-05T07:23:45Z with MS VC++ 17.6 (VS2022)

END.
